Component: ARM Compiler 6.16 Tool: armlink [5dfeaa00]

==============================================================================

Section Cross References

    battleship.o(.text.main) refers to battleship.o(.text._Z15configureClocksv) for configureClocks()
    battleship.o(.text.main) refers to battleship.o(.text._Z11configureIOv) for configureIO()
    battleship.o(.text.main) refers to battleship.o(.text._Z10setupShipsv) for setupShips()
    battleship.o(.text.main) refers to battleship.o(.text._Z9turnonLEDi) for turnonLED(int)
    battleship.o(.text.main) refers to battleship.o(.text._Z5Delayv) for Delay()
    battleship.o(.text.main) refers to battleship.o(.text._Z15IsbuttonPressedv) for IsbuttonPressed()
    battleship.o(.text.main) refers to battleship.o(.text._Z6Insertv) for Insert()
    battleship.o(.text.main) refers to battleship.o(.text._Z11checkInputs8Location) for checkInputs(Location)
    battleship.o(.text.main) refers to battleship.o(.text._Z6attack8LocationRNSt3__26vectorINS0_12basic_stringIcNS0_11char_traitsIcEENS0_9allocatorIcEEEENS5_IS7_EEEE) for attack(Location, std::__2::vector<std::__2::basic_string<char, std::__2::char_traits<char>, std::__2::allocator<char> >, std::__2::allocator<std::__2::basic_string<char, std::__2::char_traits<char>, std::__2::allocator<char> > > >&)
    battleship.o(.text.main) refers to battleship.o(.text._ZNSt3__213__vector_baseINS_12basic_stringIcNS_11char_traitsIcEENS_9allocatorIcEEEENS4_IS6_EEED2Ev) for std::__2::__vector_base<std::__2::basic_string<char, std::__2::char_traits<char>, std::__2::allocator<char> >, std::__2::allocator<std::__2::basic_string<char, std::__2::char_traits<char>, std::__2::allocator<char> > > >::~__vector_base__sub_object()
    battleship.o(.ARM.exidx.text.main) refers to battleship.o(.text.main) for [Anonymous Symbol]
    battleship.o(.ARM.exidx.text._Z15configureClocksv) refers to battleship.o(.text._Z15configureClocksv) for [Anonymous Symbol]
    battleship.o(.ARM.exidx.text._Z11configureIOv) refers to battleship.o(.text._Z11configureIOv) for [Anonymous Symbol]
    battleship.o(.text._Z10setupShipsv) refers to battleship.o(.bss._ZL7vessels) for vessels
    battleship.o(.ARM.exidx.text._Z10setupShipsv) refers to battleship.o(.text._Z10setupShipsv) for [Anonymous Symbol]
    battleship.o(.text._Z9turnonLEDi) refers to battleship.o(.text._Z5Delayv) for Delay()
    battleship.o(.ARM.exidx.text._Z9turnonLEDi) refers to battleship.o(.text._Z9turnonLEDi) for [Anonymous Symbol]
    battleship.o(.ARM.exidx.text._Z5Delayv) refers to battleship.o(.text._Z5Delayv) for [Anonymous Symbol]
    battleship.o(.text._Z15IsbuttonPressedv) refers to battleship.o(.text._Z9turnonLEDi) for turnonLED(int)
    battleship.o(.text._Z15IsbuttonPressedv) refers to battleship.o(.text._Z5Delayv) for Delay()
    battleship.o(.ARM.exidx.text._Z15IsbuttonPressedv) refers to battleship.o(.text._Z15IsbuttonPressedv) for [Anonymous Symbol]
    battleship.o(.ARM.exidx.text._Z6Insertv) refers to battleship.o(.text._Z6Insertv) for [Anonymous Symbol]
    battleship.o(.ARM.exidx.text._Z11checkInputs8Location) refers to battleship.o(.text._Z11checkInputs8Location) for [Anonymous Symbol]
    battleship.o(.text._Z6attack8LocationRNSt3__26vectorINS0_12basic_stringIcNS0_11char_traitsIcEENS0_9allocatorIcEEEENS5_IS7_EEEE) refers to battleship.o(.bss._ZL7vessels) for vessels
    battleship.o(.text._Z6attack8LocationRNSt3__26vectorINS0_12basic_stringIcNS0_11char_traitsIcEENS0_9allocatorIcEEEENS5_IS7_EEEE) refers to battleship.o(.text._ZNSt3__211char_traitsIcE6lengthEPKc) for std::__2::char_traits<char>::length(char const*)
    battleship.o(.text._Z6attack8LocationRNSt3__26vectorINS0_12basic_stringIcNS0_11char_traitsIcEENS0_9allocatorIcEEEENS5_IS7_EEEE) refers to string.cpp.o(.text._ZNSt3__212basic_stringIcNS_11char_traitsIcEENS_9allocatorIcEEE6__initEPKcj) for std::__2::basic_string<char, std::__2::char_traits<char>, std::__2::allocator<char> >::__init(char const*, unsigned int)
    battleship.o(.text._Z6attack8LocationRNSt3__26vectorINS0_12basic_stringIcNS0_11char_traitsIcEENS0_9allocatorIcEEEENS5_IS7_EEEE) refers to battleship.o(.text._ZNSt3__26vectorINS_12basic_stringIcNS_11char_traitsIcEENS_9allocatorIcEEEENS4_IS6_EEE21_ConstructTransactionC2ERS8_j) for std::__2::vector<std::__2::basic_string<char, std::__2::char_traits<char>, std::__2::allocator<char> >, std::__2::allocator<std::__2::basic_string<char, std::__2::char_traits<char>, std::__2::allocator<char> > > >::_ConstructTransaction::_ConstructTransaction__sub_object(std::__2::vector<std::__2::basic_string<char, std::__2::char_traits<char>, std::__2::allocator<char> >, std::__2::allocator<std::__2::basic_string<char, std::__2::char_traits<char>, std::__2::allocator<char> > > >&, unsigned int)
[...]
    ../clib/angel/sysapp.c                   0x00000000   Number         0  sys_io_names.o ABSOLUTE
    ../clib/angel/sysapp.c                   0x00000000   Number         0  sys_command_hlt.o ABSOLUTE
    ../clib/angel/sysapp.c                   0x00000000   Number         0  sys_io.o ABSOLUTE
    ../clib/angel/sysapp.c                   0x00000000   Number         0  sys_wrch.o ABSOLUTE
    ../clib/angel/sysapp.c                   0x00000000   Number         0  sys_io_hlt.o ABSOLUTE
    ../clib/angel/sysapp.c                   0x00000000   Number         0  sys_wrch_hlt.o ABSOLUTE
    ../clib/armsys.c                         0x00000000   Number         0  _get_argv.o ABSOLUTE
    ../clib/armsys.c                         0x00000000   Number         0  argv_veneer.o ABSOLUTE
    ../clib/armsys.c                         0x00000000   Number         0  argv_veneer.o ABSOLUTE
    ../clib/armsys.c                         0x00000000   Number         0  _get_argv_nomalloc.o ABSOLUTE
    ../clib/armsys.c                         0x00000000   Number         0  no_argv.o ABSOLUTE
    ../clib/assert.c                         0x00000000   Number         0  assert_stdio.o ABSOLUTE
    ../clib/bigflt.c                         0x00000000   Number         0  bigflt0.o ABSOLUTE
    ../clib/btod.s                           0x00000000   Number         0  btod.o ABSOLUTE
    ../clib/btod_accurate.c                  0x00000000   Number         0  btod_accurate.o ABSOLUTE
    ../clib/btod_accurate.c                  0x00000000   Number         0  btod_accurate_common.o ABSOLUTE
    ../clib/btod_accurate.c                  0x00000000   Number         0  dtob_accurate.o ABSOLUTE
    ../clib/ctype.c                          0x00000000   Number         0  _iswspace.o ABSOLUTE
    ../clib/ctype.c                          0x00000000   Number         0  isspace.o ABSOLUTE
    ../clib/ctype.c                          0x00000000   Number         0  wclass_c.o ABSOLUTE
    ../clib/fenv.c                           0x00000000   Number         0  _rserrno.o ABSOLUTE
    ../clib/heap1.c                          0x00000000   Number         0  h1_alloc.o ABSOLUTE
    ../clib/heap1.c                          0x00000000   Number         0  h1_free.o ABSOLUTE
    ../clib/heap1.c                          0x00000000   Number         0  h1_memalign.o ABSOLUTE
    ../clib/heap1.c                          0x00000000   Number         0  h1_alloc_threads.o ABSOLUTE
    ../clib/heap1.c                          0x00000000   Number         0  h1_free_threads.o ABSOLUTE
    ../clib/heap1.c                          0x00000000   Number         0  h1_memalign_threads.o ABSOLUTE
    ../clib/heap1.c                          0x00000000   Number         0  h1_init.o ABSOLUTE
    ../clib/heap1.c                          0x00000000   Number         0  h1_init_threads.o ABSOLUTE
    ../clib/heap1.c                          0x00000000   Number         0  h1_extend.o ABSOLUTE
    ../clib/heap1.c                          0x00000000   Number         0  h1_extend_threads.o ABSOLUTE
    ../clib/heap1.c                          0x00000000   Number         0  h1_final.o ABSOLUTE
    ../clib/heap1.c                          0x00000000   Number         0  h1_final_threads.o ABSOLUTE
    ../clib/heap2.c                          0x00000000   Number         0  heap2.o ABSOLUTE
    ../clib/heap2.c                          0x00000000   Number         0  heap2_threads.o ABSOLUTE
    ../clib/heap2.c                          0x00000000   Number         0  fdtree.o ABSOLUTE
    ../clib/heapalloc.c                      0x00000000   Number         0  malloc.o ABSOLUTE
    ../clib/heapalloc.c                      0x00000000   Number         0  free.o ABSOLUTE
    ../clib/heapalloc.c                      0x00000000   Number         0  hguard.o ABSOLUTE
    ../clib/heapalloc.c                      0x00000000   Number         0  init_alloc.o ABSOLUTE
    ../clib/heapalloc.c                      0x00000000   Number         0  heapstubs.o ABSOLUTE
    ../clib/heapalloc.c                      0x00000000   Number         0  hrguard.o ABSOLUTE
    ../clib/heapalloc.c                      0x00000000   Number         0  term_alloc.o ABSOLUTE
    ../clib/heapaux.c                        0x00000000   Number         0  heapauxi.o ABSOLUTE
    ../clib/heapaux.c                        0x00000000   Number         0  heapauxa.o ABSOLUTE
    ../clib/libinit.s                        0x00000000   Number         0  libinit2.o ABSOLUTE
    ../clib/libinit.s                        0x00000000   Number         0  libinit.o ABSOLUTE
    ../clib/libinit.s                        0x00000000   Number         0  libshutdown2.o ABSOLUTE
    ../clib/libinit.s                        0x00000000   Number         0  libshutdown.o ABSOLUTE
    ../clib/locale.s                         0x00000000   Number         0  lc_ctype_c.o ABSOLUTE
    ../clib/locale.s                         0x00000000   Number         0  lc_numeric_c.o ABSOLUTE
    ../clib/longlong.s                       0x00000000   Number         0  lludivv7m.o ABSOLUTE
    ../clib/longlong.s                       0x00000000   Number         0  lludiv10.o ABSOLUTE
    ../clib/longlong.s                       0x00000000   Number         0  llshl.o ABSOLUTE
    ../clib/longlong.s                       0x00000000   Number         0  llushr.o ABSOLUTE
    ../clib/maybe.s                          0x00000000   Number         0  maybetermalloc1.o ABSOLUTE
    ../clib/maybe.s                          0x00000000   Number         0  maybetermalloc2.o ABSOLUTE
    ../clib/memcpset.s                       0x00000000   Number         0  rt_memcpy_v6.o ABSOLUTE
    ../clib/memcpset.s                       0x00000000   Number         0  rt_memmove_v6.o ABSOLUTE
    ../clib/memcpset.s                       0x00000000   Number         0  rt_memcpy_w.o ABSOLUTE
    ../clib/memcpset.s                       0x00000000   Number         0  aeabi_memset.o ABSOLUTE
    ../clib/memcpset.s                       0x00000000   Number         0  memcpy.o ABSOLUTE
    ../clib/memcpset.s                       0x00000000   Number         0  memmove.o ABSOLUTE
    ../clib/memcpset.s                       0x00000000   Number         0  rt_memmove_w.o ABSOLUTE
    ../clib/memcpset.s                       0x00000000   Number         0  rt_memclr.o ABSOLUTE
    ../clib/memcpset.s                       0x00000000   Number         0  rt_memclr_w.o ABSOLUTE
    ../clib/memcpset.s                       0x00000000   Number         0  strcmpv7m.o ABSOLUTE
    ../clib/misc.s                           0x00000000   Number         0  printf_stubs.o ABSOLUTE
    ../clib/printf.c                         0x00000000   Number         0  __2fprintf.o ABSOLUTE
    ../clib/printf.c                         0x00000000   Number         0  __2snprintf.o ABSOLUTE
    ../clib/printf.c                         0x00000000   Number         0  __2swprintf.o ABSOLUTE
    ../clib/printf.c                         0x00000000   Number         0  noretval__2fprintf.o ABSOLUTE
    ../clib/printf.c                         0x00000000   Number         0  noretval__2snprintf.o ABSOLUTE
    ../clib/printf.c                         0x00000000   Number         0  noretval__2swprintf.o ABSOLUTE
    ../clib/printf.c                         0x00000000   Number         0  __printf.o ABSOLUTE
    ../clib/printf.c                         0x00000000   Number         0  _printf_str.o ABSOLUTE
    ../clib/printf.c                         0x00000000   Number         0  __printf_flags.o ABSOLUTE
    ../clib/printf.c                         0x00000000   Number         0  __printf_ss.o ABSOLUTE
    ../clib/printf.c                         0x00000000   Number         0  __printf_flags_ss.o ABSOLUTE
    ../clib/printf.c                         0x00000000   Number         0  __printf_wp.o ABSOLUTE
    ../clib/printf.c                         0x00000000   Number         0  __printf_flags_wp.o ABSOLUTE
    ../clib/printf.c                         0x00000000   Number         0  __printf_ss_wp.o ABSOLUTE
    ../clib/printf.c                         0x00000000   Number         0  __printf_flags_ss_wp.o ABSOLUTE
    ../clib/printf.c                         0x00000000   Number         0  _printf_fp_dec.o ABSOLUTE
    ../clib/printf.c                         0x00000000   Number         0  _printf_fp_dec_accurate.o ABSOLUTE
    ../clib/printf.c                         0x00000000   Number         0  _printf_char_common.o ABSOLUTE
    ../clib/printf.c                         0x00000000   Number         0  _sputc.o ABSOLUTE
    ../clib/printf.c                         0x00000000   Number         0  _snputc.o ABSOLUTE
    ../clib/printf.c                         0x00000000   Number         0  _printf_char.o ABSOLUTE
    ../clib/printf.c                         0x00000000   Number         0  _printf_char_file.o ABSOLUTE
    ../clib/printf.c                         0x00000000   Number         0  _printf_wchar_common.o ABSOLUTE
    ../clib/printf.c                         0x00000000   Number         0  _snputwc.o ABSOLUTE
    ../clib/printf.c                         0x00000000   Number         0  _printf_fp_infnan.o ABSOLUTE
    ../clib/printf.c                         0x00000000   Number         0  __printf_nopercent.o ABSOLUTE
    ../clib/printf.c                         0x00000000   Number         0  _printf_char_file_locked.o ABSOLUTE
    ../clib/printf_percent.s                 0x00000000   Number         0  _printf_s.o ABSOLUTE
    ../clib/printf_percent.s                 0x00000000   Number         0  _printf_f.o ABSOLUTE
    ../clib/printf_percent.s                 0x00000000   Number         0  _printf_percent.o ABSOLUTE
    ../clib/printf_percent.s                 0x00000000   Number         0  _printf_percent_end.o ABSOLUTE
    ../clib/scanf.c                          0x00000000   Number         0  strtol.o ABSOLUTE
    ../clib/scanf.c                          0x00000000   Number         0  strtoul.o ABSOLUTE
    ../clib/scanf.c                          0x00000000   Number         0  strtoll.o ABSOLUTE
    ../clib/scanf.c                          0x00000000   Number         0  strtoull.o ABSOLUTE
    ../clib/scanf.c                          0x00000000   Number         0  wcstol.o ABSOLUTE
    ../clib/scanf.c                          0x00000000   Number         0  wcstoul.o ABSOLUTE
    ../clib/scanf.c                          0x00000000   Number         0  wcstoll.o ABSOLUTE
    ../clib/scanf.c                          0x00000000   Number         0  wcstoull.o ABSOLUTE
    ../clib/scanf.c                          0x00000000   Number         0  _strtoul.o ABSOLUTE
    ../clib/scanf.c                          0x00000000   Number         0  strtod.o ABSOLUTE
    ../clib/scanf.c                          0x00000000   Number         0  strtof.o ABSOLUTE
    ../clib/scanf.c                          0x00000000   Number         0  __strtoll.o ABSOLUTE
    ../clib/scanf.c                          0x00000000   Number         0  __strtoull.o ABSOLUTE
    ../clib/scanf.c                          0x00000000   Number         0  _wcstoul.o ABSOLUTE
    ../clib/scanf.c                          0x00000000   Number         0  wcstod.o ABSOLUTE
    ../clib/scanf.c                          0x00000000   Number         0  wcstof.o ABSOLUTE
    ../clib/scanf.c                          0x00000000   Number         0  __wcstoll.o ABSOLUTE
    ../clib/scanf.c                          0x00000000   Number         0  __wcstoull.o ABSOLUTE
    ../clib/scanf.c                          0x00000000   Number         0  _chval.o ABSOLUTE
    ../clib/scanf.c                          0x00000000   Number         0  _sgetc.o ABSOLUTE
    ../clib/scanf.c                          0x00000000   Number         0  _strtoull.o ABSOLUTE
    ../clib/scanf.c                          0x00000000   Number         0  _wsgetc.o ABSOLUTE
    ../clib/scanf.c                          0x00000000   Number         0  _wcstoull.o ABSOLUTE
    ../clib/scanf.c                          0x00000000   Number         0  scanf_fp.o ABSOLUTE
    ../clib/scanf.c                          0x00000000   Number         0  scanf_fp_accurate.o ABSOLUTE
    ../clib/scanf.c                          0x00000000   Number         0  scanf_hexfp.o ABSOLUTE
    ../clib/scanf.c                          0x00000000   Number         0  scanf_infnan.o ABSOLUTE
    ../clib/signal.c                         0x00000000   Number         0  defsig_abrt_outer.o ABSOLUTE
    ../clib/signal.c                         0x00000000   Number         0  defsig_abrt_formal.o ABSOLUTE
    ../clib/signal.c                         0x00000000   Number         0  defsig_exit.o ABSOLUTE
    ../clib/signal.c                         0x00000000   Number         0  defsig_abrt_inner.o ABSOLUTE
    ../clib/signal.c                         0x00000000   Number         0  __raise.o ABSOLUTE
    ../clib/signal.c                         0x00000000   Number         0  defsig_general.o ABSOLUTE
    ../clib/signal.c                         0x00000000   Number         0  defsig_rtred_outer.o ABSOLUTE
    ../clib/signal.c                         0x00000000   Number         0  defsig_rtred_formal.o ABSOLUTE
    ../clib/signal.c                         0x00000000   Number         0  defsig_rtmem_outer.o ABSOLUTE
    ../clib/signal.c                         0x00000000   Number         0  defsig_rtmem_formal.o ABSOLUTE
    ../clib/signal.c                         0x00000000   Number         0  defsig_rtred_inner.o ABSOLUTE
    ../clib/signal.c                         0x00000000   Number         0  defsig_rtmem_inner.o ABSOLUTE
    ../clib/signal.c                         0x00000000   Number         0  defsig_fpe_inner.o ABSOLUTE
    ../clib/signal.c                         0x00000000   Number         0  defsig_fpe_outer.o ABSOLUTE
    ../clib/signal.c                         0x00000000   Number         0  defsig_fpe_formal.o ABSOLUTE
    ../clib/signal.c                         0x00000000   Number         0  defsig_stak_inner.o ABSOLUTE
    ../clib/signal.c                         0x00000000   Number         0  defsig_pvfn_inner.o ABSOLUTE
    ../clib/signal.c                         0x00000000   Number         0  defsig_cppl_inner.o ABSOLUTE
    ../clib/signal.c                         0x00000000   Number         0  defsig_segv_inner.o ABSOLUTE
    ../clib/signal.c                         0x00000000   Number         0  defsig_other.o ABSOLUTE
    ../clib/signal.s                         0x00000000   Number         0  defsig.o ABSOLUTE
    ../clib/stdio.c                          0x00000000   Number         0  stdio_streams.o ABSOLUTE
    ../clib/stdio.c                          0x00000000   Number         0  initio.o ABSOLUTE
    ../clib/stdio.c                          0x00000000   Number         0  initio_locked.o ABSOLUTE
    ../clib/stdio.c                          0x00000000   Number         0  ferror.o ABSOLUTE
    ../clib/stdio.c                          0x00000000   Number         0  fputc.o ABSOLUTE
    ../clib/stdio.c                          0x00000000   Number         0  setvbuf.o ABSOLUTE
    ../clib/stdio.c                          0x00000000   Number         0  streamlock.o ABSOLUTE
    ../clib/stdio.c                          0x00000000   Number         0  fopen.o ABSOLUTE
    ../clib/stdio.c                          0x00000000   Number         0  fclose.o ABSOLUTE
    ../clib/stdio.c                          0x00000000   Number         0  fputc_locked.o ABSOLUTE
    ../clib/stdio.c                          0x00000000   Number         0  ferror_locked.o ABSOLUTE
    ../clib/stdio.c                          0x00000000   Number         0  setvbuf_locked.o ABSOLUTE
    ../clib/stdio.c                          0x00000000   Number         0  fopen_locked.o ABSOLUTE
    ../clib/stdio.c                          0x00000000   Number         0  flsbuf.o ABSOLUTE
    ../clib/stdio.c                          0x00000000   Number         0  fseek.o ABSOLUTE
    ../clib/stdio.c                          0x00000000   Number         0  stdio.o ABSOLUTE
    ../clib/stdio.c                          0x00000000   Number         0  ftell.o ABSOLUTE
    ../clib/stdio.c                          0x00000000   Number         0  fwritefast.o ABSOLUTE
    ../clib/stdio.c                          0x00000000   Number         0  fwritefast_locked.o ABSOLUTE
    ../clib/stdio.c                          0x00000000   Number         0  fflush.o ABSOLUTE
    ../clib/stdio.c                          0x00000000   Number         0  fputs.o ABSOLUTE
    ../clib/stdio.c                          0x00000000   Number         0  fputs_locked.o ABSOLUTE
    ../clib/stdio.c                          0x00000000   Number         0  fflush_locked.o ABSOLUTE
    ../clib/stdlib.c                         0x00000000   Number         0  abort.o ABSOLUTE
    ../clib/stdlib.c                         0x00000000   Number         0  exit.o ABSOLUTE
    ../clib/string.c                         0x00000000   Number         0  strlen.o ABSOLUTE
    ../clib/string.c                         0x00000000   Number         0  memcmp.o ABSOLUTE
    ../clib/string.c                         0x00000000   Number         0  wmemcpy.o ABSOLUTE
    ../clib/string.c                         0x00000000   Number         0  wmemmove.o ABSOLUTE
    ../clib/string.c                         0x00000000   Number         0  wmemcmp.o ABSOLUTE
    ../clib/string.c                         0x00000000   Number         0  wmemchr.o ABSOLUTE
    ../clib/string.c                         0x00000000   Number         0  wcslen.o ABSOLUTE
    ../clib/string.c                         0x00000000   Number         0  wmemset.o ABSOLUTE
    ../clib/string.c                         0x00000000   Number         0  memchr.o ABSOLUTE
    ../clib/wchar.c                          0x00000000   Number         0  flsbuf_fwide.o ABSOLUTE
    ../fplib/d2f.s                           0x00000000   Number         0  d2f.o ABSOLUTE
    ../fplib/daddsub.s                       0x00000000   Number         0  daddsub_clz.o ABSOLUTE
    ../fplib/dcheck1.s                       0x00000000   Number         0  dcheck1.o ABSOLUTE
    ../fplib/dcmpi.s                         0x00000000   Number         0  dcmpi.o ABSOLUTE
    ../fplib/ddiv.s                          0x00000000   Number         0  ddiv.o ABSOLUTE
    ../fplib/deqf.s                          0x00000000   Number         0  deqf.o ABSOLUTE
    ../fplib/dleqf.s                         0x00000000   Number         0  dleqf.o ABSOLUTE
    ../fplib/dmul.s                          0x00000000   Number         0  dmul.o ABSOLUTE
    ../fplib/dnaninf.s                       0x00000000   Number         0  dnaninf.o ABSOLUTE
    ../fplib/dretinf.s                       0x00000000   Number         0  dretinf.o ABSOLUTE
    ../fplib/drleqf.s                        0x00000000   Number         0  drleqf.o ABSOLUTE
    ../fplib/f2d.s                           0x00000000   Number         0  f2d.o ABSOLUTE
    ../fplib/fnaninf.s                       0x00000000   Number         0  fnaninf.o ABSOLUTE
    ../fplib/fpconst.s                       0x00000000   Number         0  fpconst.o ABSOLUTE
    ../fplib/fpinit.s                        0x00000000   Number         0  fpinit.o ABSOLUTE
    ../fplib/fpinit_empty.s                  0x00000000   Number         0  fpinit_empty.o ABSOLUTE
    ../fplib/fretinf.s                       0x00000000   Number         0  fretinf.o ABSOLUTE
    ../fplib/istatus.s                       0x00000000   Number         0  istatus.o ABSOLUTE
    ../fplib/printf1.s                       0x00000000   Number         0  printf1.o ABSOLUTE
    ../fplib/retnan.s                        0x00000000   Number         0  retnan.o ABSOLUTE
    ../fplib/scalbn.s                        0x00000000   Number         0  scalbn.o ABSOLUTE
    ../fplib/scanf1.s                        0x00000000   Number         0  scanf1.o ABSOLUTE
    ../fplib/scanf2.s                        0x00000000   Number         0  scanf2.o ABSOLUTE
    ../fplib/scanf2a.s                       0x00000000   Number         0  scanf2a.o ABSOLUTE
    ../fplib/scanf2b.s                       0x00000000   Number         0  scanf2b.o ABSOLUTE
    ../fplib/trapv.s                         0x00000000   Number         0  trapv.o ABSOLUTE
    ../fplib/usenofp.s                       0x00000000   Number         0  usenofp.o ABSOLUTE
    ../mathlib/dunder.c                      0x00000000   Number         0  dunder.o ABSOLUTE
    ../mathlib/fpclassify.c                  0x00000000   Number         0  fpclassify.o ABSOLUTE
    ../mathlib/frexp.c                       0x00000000   Number         0  frexp.o ABSOLUTE
    ../mathlib/ldexp.c                       0x00000000   Number         0  ldexp.o ABSOLUTE
    ../mathlib/narrow.c                      0x00000000   Number         0  narrow.o ABSOLUTE
    ../mathlib/strtod.c                      0x00000000   Number         0  strtod.o ABSOLUTE
    ../mathlib/strtof.c                      0x00000000   Number         0  strtof.o ABSOLUTE
    ../mathlib/strtold.c                     0x00000000   Number         0  strtold.o ABSOLUTE
    ../mathlib/wcstod.c                      0x00000000   Number         0  wcstod.o ABSOLUTE
    ../mathlib/wcstof.c                      0x00000000   Number         0  wcstof.o ABSOLUTE
    ../mathlib/wcstold.c                     0x00000000   Number         0  wcstold.o ABSOLUTE
    Battleship.cpp                           0x00000000   Number         0  battleship.o ABSOLUTE
    RTE/Device/STM32F103RB/startup_stm32f10x_md.s 0x00000000   Number         0  startup_stm32f10x_md.o ABSOLUTE
    std::__2::basic_string<char, std::__2::char_traits<char>, std::__2::allocator<char> >::basic_string(std::__2::basic_string<char, std::__2::char_traits<char>, std::__2::allocator<char> > const&, unsigned int, unsigned int, std::__2::allocator<char> const&) 0x00000000   Number         0  string.cpp.o ABSOLUTE
    std::__2::basic_string<char, std::__2::char_traits<char>, std::__2::allocator<char> >::~basic_string() 0x00000000   Number         0  string.cpp.o ABSOLUTE
    std::__2::basic_string<wchar_t, std::__2::char_traits<wchar_t>, std::__2::allocator<wchar_t> >::basic_string(std::__2::basic_string<wchar_t, std::__2::char_traits<wchar_t>, std::__2::allocator<wchar_t> > const&, unsigned int, unsigned int, std::__2::allocator<wchar_t> const&) 0x00000000   Number         0  string.cpp.o ABSOLUTE
    std::__2::basic_string<wchar_t, std::__2::char_traits<wchar_t>, std::__2::allocator<wchar_t> >::~basic_string() 0x00000000   Number         0  string.cpp.o ABSOLUTE
    std::__2::__vector_base_common<true>::__vector_base_common() 0x00000000   Number         0  vector.cpp.o ABSOLUTE
    abort_message.cpp                        0x00000000   Number         0  abort_message.cpp.o ABSOLUTE
    charconv.cpp                             0x00000000   Number         0  charconv.cpp.o ABSOLUTE
    cxa_default_handlers.cpp                 0x00000000   Number         0  cxa_default_handlers.cpp.o ABSOLUTE
    cxa_handlers.cpp                         0x00000000   Number         0  cxa_handlers.cpp.o ABSOLUTE
    dc.s                                     0x00000000   Number         0  dc.o ABSOLUTE
    io_hw.cpp                                0x00000000   Number         0  io_hw.o ABSOLUTE
    new.cpp                                  0x00000000   Number         0  new.cpp.o ABSOLUTE
    string.cpp                               0x00000000   Number         0  string.cpp.o ABSOLUTE
    system_stm32f10x.c                       0x00000000   Number         0  system_stm32f10x.o ABSOLUTE
    vector.cpp                               0x00000000   Number         0  vector.cpp.o ABSOLUTE
    RESET                                    0x08000000   Section      236  startup_stm32f10x_md.o(RESET)
    !!!main                                  0x080000ec   Section        8  __main.o(!!!main)
    !!!scatter                               0x080000f4   Section       52  __scatter.o(!!!scatter)
    !!handler_zi                             0x08000128   Section       28  __scatter_zi.o(!!handler_zi)
    .ARM.Collect$$_printf_percent$$00000000  0x08000144   Section        0  _printf_percent.o(.ARM.Collect$$_printf_percent$$00000000)
    .ARM.Collect$$_printf_percent$$00000003  0x08000144   Section        6  _printf_f.o(.ARM.Collect$$_printf_percent$$00000003)
    .ARM.Collect$$_printf_percent$$00000014  0x0800014a   Section        6  _printf_s.o(.ARM.Collect$$_printf_percent$$00000014)
    .ARM.Collect$$_printf_percent$$00000017  0x08000150   Section        4  _printf_percent_end.o(.ARM.Collect$$_printf_percent$$00000017)
    .ARM.Collect$$libinit$$00000000          0x08000154   Section        2  libinit.o(.ARM.Collect$$libinit$$00000000)
    .ARM.Collect$$libinit$$00000002          0x08000156   Section        0  libinit2.o(.ARM.Collect$$libinit$$00000002)
    .ARM.Collect$$libinit$$00000004          0x08000156   Section        0  libinit2.o(.ARM.Collect$$libinit$$00000004)
    .ARM.Collect$$libinit$$00000005          0x08000156   Section        8  libinit2.o(.ARM.Collect$$libinit$$00000005)
    .ARM.Collect$$libinit$$0000000A          0x0800015e   Section        0  libinit2.o(.ARM.Collect$$libinit$$0000000A)
    .ARM.Collect$$libinit$$0000000C          0x0800015e   Section        0  libinit2.o(.ARM.Collect$$libinit$$0000000C)
    .ARM.Collect$$libinit$$0000000E          0x0800015e   Section        0  libinit2.o(.ARM.Collect$$libinit$$0000000E)
    .ARM.Collect$$libinit$$0000000F          0x0800015e   Section        6  libinit2.o(.ARM.Collect$$libinit$$0000000F)
    .ARM.Collect$$libinit$$00000011          0x08000164   Section        0  libinit2.o(.ARM.Collect$$libinit$$00000011)
    .ARM.Collect$$libinit$$00000013          0x08000164   Section        0  libinit2.o(.ARM.Collect$$libinit$$00000013)
    .ARM.Collect$$libinit$$00000015          0x08000164   Section        0  libinit2.o(.ARM.Collect$$libinit$$00000015)
    .ARM.Collect$$libinit$$00000016          0x08000164   Section       10  libinit2.o(.ARM.Collect$$libinit$$00000016)
    .ARM.Collect$$libinit$$00000017          0x0800016e   Section        0  libinit2.o(.ARM.Collect$$libinit$$00000017)
    .ARM.Collect$$libinit$$00000019          0x0800016e   Section        0  libinit2.o(.ARM.Collect$$libinit$$00000019)
    .ARM.Collect$$libinit$$0000001B          0x0800016e   Section        0  libinit2.o(.ARM.Collect$$libinit$$0000001B)
    .ARM.Collect$$libinit$$0000001D          0x0800016e   Section        0  libinit2.o(.ARM.Collect$$libinit$$0000001D)
    .ARM.Collect$$libinit$$0000001F          0x0800016e   Section        0  libinit2.o(.ARM.Collect$$libinit$$0000001F)
    .ARM.Collect$$libinit$$00000021          0x0800016e   Section        0  libinit2.o(.ARM.Collect$$libinit$$00000021)
    .ARM.Collect$$libinit$$00000023          0x0800016e   Section        0  libinit2.o(.ARM.Collect$$libinit$$00000023)
    .ARM.Collect$$libinit$$00000025          0x0800016e   Section        0  libinit2.o(.ARM.Collect$$libinit$$00000025)
    .ARM.Collect$$libinit$$0000002C          0x0800016e   Section        0  libinit2.o(.ARM.Collect$$libinit$$0000002C)
    .ARM.Collect$$libinit$$0000002E          0x0800016e   Section        0  libinit2.o(.ARM.Collect$$libinit$$0000002E)
    .ARM.Collect$$libinit$$00000030          0x0800016e   Section        0  libinit2.o(.ARM.Collect$$libinit$$00000030)
    .ARM.Collect$$libinit$$00000032          0x0800016e   Section        0  libinit2.o(.ARM.Collect$$libinit$$00000032)
    .ARM.Collect$$libinit$$00000033          0x0800016e   Section        2  libinit2.o(.ARM.Collect$$libinit$$00000033)
    .ARM.Collect$$libshutdown$$00000000      0x08000170   Section        2  libshutdown.o(.ARM.Collect$$libshutdown$$00000000)
    .ARM.Collect$$libshutdown$$00000002      0x08000172   Section        0  libshutdown2.o(.ARM.Collect$$libshutdown$$00000002)
    .ARM.Collect$$libshutdown$$00000004      0x08000172   Section        0  libshutdown2.o(.ARM.Collect$$libshutdown$$00000004)
    .ARM.Collect$$libshutdown$$00000007      0x08000172   Section        0  libshutdown2.o(.ARM.Collect$$libshutdown$$00000007)
    .ARM.Collect$$libshutdown$$0000000A      0x08000172   Section        0  libshutdown2.o(.ARM.Collect$$libshutdown$$0000000A)
    .ARM.Collect$$libshutdown$$0000000C      0x08000172   Section        0  libshutdown2.o(.ARM.Collect$$libshutdown$$0000000C)
    .ARM.Collect$$libshutdown$$0000000F      0x08000172   Section        0  libshutdown2.o(.ARM.Collect$$libshutdown$$0000000F)
    .ARM.Collect$$libshutdown$$00000010      0x08000172   Section        2  libshutdown2.o(.ARM.Collect$$libshutdown$$00000010)
    .ARM.Collect$$rtentry$$00000000          0x08000174   Section        0  __rtentry.o(.ARM.Collect$$rtentry$$00000000)
    .ARM.Collect$$rtentry$$00000002          0x08000174   Section        0  __rtentry2.o(.ARM.Collect$$rtentry$$00000002)
    .ARM.Collect$$rtentry$$00000004          0x08000174   Section        6  __rtentry4.o(.ARM.Collect$$rtentry$$00000004)
    .ARM.Collect$$rtentry$$00000009          0x0800017a   Section        0  __rtentry2.o(.ARM.Collect$$rtentry$$00000009)
    .ARM.Collect$$rtentry$$0000000A          0x0800017a   Section        4  __rtentry2.o(.ARM.Collect$$rtentry$$0000000A)
    .ARM.Collect$$rtentry$$0000000C          0x0800017e   Section        0  __rtentry2.o(.ARM.Collect$$rtentry$$0000000C)
    .ARM.Collect$$rtentry$$0000000D          0x0800017e   Section        8  __rtentry2.o(.ARM.Collect$$rtentry$$0000000D)
    .ARM.Collect$$rtexit$$00000000           0x08000186   Section        2  rtexit.o(.ARM.Collect$$rtexit$$00000000)
    .ARM.Collect$$rtexit$$00000002           0x08000188   Section        0  rtexit2.o(.ARM.Collect$$rtexit$$00000002)
    .ARM.Collect$$rtexit$$00000003           0x08000188   Section        4  rtexit2.o(.ARM.Collect$$rtexit$$00000003)
    .ARM.Collect$$rtexit$$00000004           0x0800018c   Section        6  rtexit2.o(.ARM.Collect$$rtexit$$00000004)
    .text                                    0x08000194   Section       64  startup_stm32f10x_md.o(.text)
    .text                                    0x080001d4   Section        0  abort.o(.text)
    .text                                    0x080001ea   Section        0  strlen.o(.text)
    .text                                    0x08000228   Section      138  rt_memcpy_v6.o(.text)
    .text                                    0x080002b2   Section        0  heapauxi.o(.text)
    .text                                    0x080002b8   Section        0  sys_exit.o(.text)
    .text                                    0x080002c4   Section        0  h1_alloc.o(.text)
    .text                                    0x08000322   Section        0  h1_free.o(.text)
    .text                                    0x08000370   Section        0  _printf_str.o(.text)
    .text                                    0x080003c2   Section        0  defsig_abrt_outer.o(.text)
    .text                                    0x080003d0   Section      100  rt_memcpy_w.o(.text)
    .text                                    0x08000434   Section        8  libspace.o(.text)
    .text                                    0x0800043c   Section        2  use_no_semi.o(.text)
    .text                                    0x0800043e   Section        0  indicate_semi.o(.text)
    .text                                    0x08000440   Section        8  rt_heap_descriptor_intlibspace.o(.text)
    .text                                    0x08000448   Section        0  hguard.o(.text)
    .text                                    0x0800044c   Section        0  init_alloc.o(.text)
    .text                                    0x080004d6   Section        0  h1_init.o(.text)
    _fp_digits                               0x080004e5   Thumb Code   432  _printf_fp_dec.o(.text)
    .text                                    0x080004e4   Section        0  _printf_fp_dec.o(.text)
    .text                                    0x08000900   Section        0  _printf_char.o(.text)
    .text                                    0x0800092c   Section        0  defsig_exit.o(.text)
    .text                                    0x08000938   Section        0  defsig_abrt_inner.o(.text)
    .text                                    0x08000968   Section       74  sys_stackheap_outer.o(.text)
    .text                                    0x080009b4   Section        8  rt_locale_intlibspace.o(.text)
    .text                                    0x080009bc   Section        0  maybetermalloc1.o(.text)
    .text                                    0x080009bc   Section        0  h1_extend.o(.text)
    .text                                    0x080009f0   Section      138  lludiv10.o(.text)
    .text                                    0x08000a7c   Section        0  _printf_fp_infnan.o(.text)
    .text                                    0x08000afc   Section        0  bigflt0.o(.text)
    .text                                    0x08000be0   Section        0  exit.o(.text)
    .text                                    0x08000bf2   Section        0  defsig_general.o(.text)
    .text                                    0x08000c24   Section        0  defsig_rtmem_outer.o(.text)
    .text                                    0x08000c32   Section        0  sys_wrch.o(.text)
    .text                                    0x08000c40   Section        0  defsig_rtmem_inner.o(.text)
    .text                                    0x08000c90   Section      128  strcmpv7m.o(.text)
    SetSysClock                              0x08000d11   Thumb Code     8  system_stm32f10x.o(.text.SetSysClock)
    [Anonymous Symbol]                       0x08000d10   Section        0  system_stm32f10x.o(.text.SetSysClock)
    SetSysClockTo72                          0x08000d19   Thumb Code   190  system_stm32f10x.o(.text.SetSysClockTo72)
    [Anonymous Symbol]                       0x08000d18   Section        0  system_stm32f10x.o(.text.SetSysClockTo72)
    [Anonymous Symbol]                       0x08000dd8   Section        0  system_stm32f10x.o(.text.SystemInit)
    [Anonymous Symbol]                       0x08000e30   Section        0  battleship.o(.text._Z10setupShipsv)
    [Anonymous Symbol]                       0x08000e7c   Section        0  battleship.o(.text._Z11checkInputs8Location)
    [Anonymous Symbol]                       0x08000e94   Section        0  battleship.o(.text._Z11configureIOv)
    [Anonymous Symbol]                       0x08000f58   Section        0  battleship.o(.text._Z15IsbuttonPressedv)
    [Anonymous Symbol]                       0x08000f80   Section        0  battleship.o(.text._Z15configureClocksv)
    [Anonymous Symbol]                       0x08000f94   Section        0  battleship.o(.text._Z5Delayv)
    [Anonymous Symbol]                       0x08000fd4   Section        0  battleship.o(.text._Z6Insertv)
    [Anonymous Symbol]                       0x08001004   Section        0  battleship.o(.text._Z6attack8LocationRNSt3__26vectorINS0_12basic_stringIcNS0_11char_traitsIcEENS0_9allocatorIcEEEENS5_IS7_EEEE)
    [Anonymous Symbol]                       0x080011c4   Section        0  battleship.o(.text._Z9turnonLEDi)
    [Anonymous Symbol]                       0x08001370   Section        0  vector.cpp.o(.text._ZNKSt3__220__vector_base_commonILb1EE20__throw_length_errorEv)
    [Anonymous Symbol]                       0x08001374   Section        0  battleship.o(.text._ZNKSt3__26vectorINS_12basic_stringIcNS_11char_traitsIcEENS_9allocatorIcEEEENS4_IS6_EEE8max_sizeEv)
    [Anonymous Symbol]                       0x08001380   Section        0  battleship.o(.text._ZNSt3__211char_traitsIcE6lengthEPKc)
    [Anonymous Symbol]                       0x08001388   Section        0  string.cpp.o(.text._ZNSt3__212basic_stringIcNS_11char_traitsIcEENS_9allocatorIcEEE6__initEPKcj)
    [Anonymous Symbol]                       0x080013d2   Section        0  string.cpp.o(.text._ZNSt3__212basic_stringIcNS_11char_traitsIcEENS_9allocatorIcEEED2Ev)
    [Anonymous Symbol]                       0x080013ec   Section        0  battleship.o(.text._ZNSt3__213__vector_baseINS_12basic_stringIcNS_11char_traitsIcEENS_9allocatorIcEEEENS4_IS6_EEED2Ev)
    [Anonymous Symbol]                       0x08001414   Section        0  battleship.o(.text._ZNSt3__214__split_bufferINS_12basic_stringIcNS_11char_traitsIcEENS_9allocatorIcEEEERNS4_IS6_EEEC2EjjS8_)
    [Anonymous Symbol]                       0x0800145c   Section        0  battleship.o(.text._ZNSt3__214__split_bufferINS_12basic_stringIcNS_11char_traitsIcEENS_9allocatorIcEEEERNS4_IS6_EEED2Ev)
    [Anonymous Symbol]                       0x08001484   Section        0  battleship.o(.text._ZNSt3__26vectorINS_12basic_stringIcNS_11char_traitsIcEENS_9allocatorIcEEEENS4_IS6_EEE21_ConstructTransactionC2ERS8_j)
    [Anonymous Symbol]                       0x08001498   Section        0  battleship.o(.text._ZNSt3__26vectorINS_12basic_stringIcNS_11char_traitsIcEENS_9allocatorIcEEEENS4_IS6_EEE21_ConstructTransactionD2Ev)
    [Anonymous Symbol]                       0x080014a0   Section        0  battleship.o(.text._ZNSt3__26vectorINS_12basic_stringIcNS_11char_traitsIcEENS_9allocatorIcEEEENS4_IS6_EEE26__swap_out_circular_bufferERNS_14__split_bufferIS6_RS7_EE)
    [Anonymous Symbol]                       0x080014f4   Section        0  cxa_handlers.cpp.o(.text._ZSt15get_new_handlerv)
    [Anonymous Symbol]                       0x08001500   Section        0  new.cpp.o(.text._ZdlPv)
    [Anonymous Symbol]                       0x08001504   Section        0  new.cpp.o(.text._Znwj)
    [Anonymous Symbol]                       0x0800152c   Section        0  battleship.o(.text.main)
    CL$$btod_d2e                             0x080015c2   Section       62  btod.o(CL$$btod_d2e)
    CL$$btod_d2e_denorm_low                  0x08001600   Section       70  btod.o(CL$$btod_d2e_denorm_low)
    CL$$btod_d2e_norm_op1                    0x08001646   Section       96  btod.o(CL$$btod_d2e_norm_op1)
    CL$$btod_div_common                      0x080016a8   Section      824  btod.o(CL$$btod_div_common)
    CL$$btod_e2e                             0x080019e0   Section      220  btod.o(CL$$btod_e2e)
    CL$$btod_ediv                            0x08001abc   Section       42  btod.o(CL$$btod_ediv)
    CL$$btod_emul                            0x08001ae6   Section       42  btod.o(CL$$btod_emul)
    CL$$btod_mult_common                     0x08001b10   Section      580  btod.o(CL$$btod_mult_common)
    i.__ARM_fpclassify                       0x08001d54   Section        0  fpclassify.o(i.__ARM_fpclassify)
    locale$$code                             0x08001d7c   Section       44  lc_numeric_c.o(locale$$code)
    x$fpl$printf1                            0x08001da8   Section        4  printf1.o(x$fpl$printf1)
    tenpwrs_x                                0x08001dac   Data          60  bigflt0.o(.constdata)
    .constdata                               0x08001dac   Section      148  bigflt0.o(.constdata)
    x$fpl$usenofp                            0x08001dac   Section        0  usenofp.o(x$fpl$usenofp)
    tenpwrs_i                                0x08001de8   Data          64  bigflt0.o(.constdata)
    locale$$data                             0x08001e50   Section       28  lc_numeric_c.o(locale$$data)
    __lcnum_c_name                           0x08001e54   Data           2  lc_numeric_c.o(locale$$data)
    __lcnum_c_start                          0x08001e5c   Data           0  lc_numeric_c.o(locale$$data)
    __lcnum_c_point                          0x08001e68   Data           0  lc_numeric_c.o(locale$$data)
    __lcnum_c_thousands                      0x08001e6a   Data           0  lc_numeric_c.o(locale$$data)
    __lcnum_c_grouping                       0x08001e6b   Data           0  lc_numeric_c.o(locale$$data)
    __lcnum_c_end                            0x08001e6c   Data           0  lc_numeric_c.o(locale$$data)
    .bss                                     0x20000000   Section       96  libspace.o(.bss)
    vessels                                  0x20000060   Data         560  battleship.o(.bss._ZL7vessels)
    [Anonymous Symbol]                       0x20000060   Section        0  battleship.o(.bss._ZL7vessels)
    Heap_Mem                                 0x20000298   Data         512  startup_stm32f10x_md.o(HEAP)
    HEAP                                     0x20000298   Section      512  startup_stm32f10x_md.o(HEAP)
    Stack_Mem                                0x20000498   Data        1024  startup_stm32f10x_md.o(STACK)
    STACK                                    0x20000498   Section     1024  startup_stm32f10x_md.o(STACK)
    __initial_sp                             0x20000898   Data           0  startup_stm32f10x_md.o(STACK)

    Global Symbols

    Symbol Name                              Value     Ov Type        Size  Object(Section)

    BuildAttributes$$THM_ISAv4$P$D$K$B$S$PE$A:L22UL41UL21$X:L11$S22US41US21$IEEE1$IW$~IW$USESV6$~STKCKD$USESV7$~SHL$OTIME$ROPI$IEEEX$EBA8$UX$STANDARDLIB$REQ8$PRES8$EABIv2 0x00000000   Number         0  anon$$obj.o ABSOLUTE
    __fp_init_empty                          0x00000000   Number         0  fpinit_empty.o ABSOLUTE
    _printf_flags                            0x00000000   Number         0  printf_stubs.o ABSOLUTE
    _printf_return_value                     0x00000000   Number         0  printf_stubs.o ABSOLUTE
    _printf_sizespec                         0x00000000   Number         0  printf_stubs.o ABSOLUTE
    _printf_widthprec                        0x00000000   Number         0  printf_stubs.o ABSOLUTE
    __ARM_exceptions_init                     - Undefined Weak Reference
    __alloca_initialize                       - Undefined Weak Reference
    __arm_preinit_                            - Undefined Weak Reference
    __cpp_initialize__aeabi_                  - Undefined Weak Reference
    __cxa_finalize                            - Undefined Weak Reference
    __sigvec_lookup                           - Undefined Weak Reference
    __user_heap_extent                        - Undefined Weak Reference
    _atexit_init                              - Undefined Weak Reference
    _call_atexit_fns                          - Undefined Weak Reference
    _clock_init                               - Undefined Weak Reference
    _fp_trap_init                             - Undefined Weak Reference
    _fp_trap_shutdown                         - Undefined Weak Reference
    _get_lc_collate                           - Undefined Weak Reference
    _get_lc_monetary                          - Undefined Weak Reference
    _get_lc_time                              - Undefined Weak Reference
    _getenv_init                              - Undefined Weak Reference
    _handle_redirection                       - Undefined Weak Reference
    _mutex_acquire                            - Undefined Weak Reference
    _mutex_free                               - Undefined Weak Reference
    _mutex_release                            - Undefined Weak Reference
    _printf_mbtowc                            - Undefined Weak Reference
    _printf_post_padding                      - Undefined Weak Reference
    _printf_pre_padding                       - Undefined Weak Reference
    _rand_init                                - Undefined Weak Reference
    _signal_finish                            - Undefined Weak Reference
    _signal_init                              - Undefined Weak Reference
    __Vectors_Size                           0x000000ec   Number         0  startup_stm32f10x_md.o ABSOLUTE
    __Vectors                                0x08000000   Data           4  startup_stm32f10x_md.o(RESET)
    __Vectors_End                            0x080000ec   Data           0  startup_stm32f10x_md.o(RESET)
    __main                                   0x080000ed   Thumb Code     8  __main.o(!!!main)
    __scatterload                            0x080000f5   Thumb Code     0  __scatter.o(!!!scatter)
    __scatterload_rt2                        0x080000f5   Thumb Code    44  __scatter.o(!!!scatter)
    __scatterload_rt2_thumb_only             0x080000f5   Thumb Code     0  __scatter.o(!!!scatter)
    __scatterload_null                       0x08000103   Thumb Code     0  __scatter.o(!!!scatter)
    __scatterload_zeroinit                   0x08000129   Thumb Code    28  __scatter_zi.o(!!handler_zi)
    _printf_f                                0x08000145   Thumb Code     0  _printf_f.o(.ARM.Collect$$_printf_percent$$00000003)
    _printf_percent                          0x08000145   Thumb Code     0  _printf_percent.o(.ARM.Collect$$_printf_percent$$00000000)
    _printf_s                                0x0800014b   Thumb Code     0  _printf_s.o(.ARM.Collect$$_printf_percent$$00000014)
    _printf_percent_end                      0x08000151   Thumb Code     0  _printf_percent_end.o(.ARM.Collect$$_printf_percent$$00000017)
    __rt_lib_init                            0x08000155   Thumb Code     0  libinit.o(.ARM.Collect$$libinit$$00000000)
    __rt_lib_init_fp_1                       0x08000157   Thumb Code     0  libinit2.o(.ARM.Collect$$libinit$$00000002)
    __rt_lib_init_heap_2                     0x08000157   Thumb Code     0  libinit2.o(.ARM.Collect$$libinit$$00000005)
    __rt_lib_init_preinit_1                  0x08000157   Thumb Code     0  libinit2.o(.ARM.Collect$$libinit$$00000004)
    __rt_lib_init_heap_1                     0x0800015f   Thumb Code     0  libinit2.o(.ARM.Collect$$libinit$$0000000A)
    __rt_lib_init_lc_common                  0x0800015f   Thumb Code     0  libinit2.o(.ARM.Collect$$libinit$$0000000F)
    __rt_lib_init_rand_1                     0x0800015f   Thumb Code     0  libinit2.o(.ARM.Collect$$libinit$$0000000E)
    __rt_lib_init_user_alloc_1               0x0800015f   Thumb Code     0  libinit2.o(.ARM.Collect$$libinit$$0000000C)
    __rt_lib_init_lc_collate_1               0x08000165   Thumb Code     0  libinit2.o(.ARM.Collect$$libinit$$00000011)
    __rt_lib_init_lc_ctype_1                 0x08000165   Thumb Code     0  libinit2.o(.ARM.Collect$$libinit$$00000013)
    __rt_lib_init_lc_monetary_1              0x08000165   Thumb Code     0  libinit2.o(.ARM.Collect$$libinit$$00000015)
    __rt_lib_init_lc_numeric_2               0x08000165   Thumb Code     0  libinit2.o(.ARM.Collect$$libinit$$00000016)
    __rt_lib_init_alloca_1                   0x0800016f   Thumb Code     0  libinit2.o(.ARM.Collect$$libinit$$0000002E)
    __rt_lib_init_argv_1                     0x0800016f   Thumb Code     0  libinit2.o(.ARM.Collect$$libinit$$0000002C)
    __rt_lib_init_atexit_1                   0x0800016f   Thumb Code     0  libinit2.o(.ARM.Collect$$libinit$$0000001B)
    __rt_lib_init_clock_1                    0x0800016f   Thumb Code     0  libinit2.o(.ARM.Collect$$libinit$$00000021)
    __rt_lib_init_cpp_1                      0x0800016f   Thumb Code     0  libinit2.o(.ARM.Collect$$libinit$$00000032)
    __rt_lib_init_exceptions_1               0x0800016f   Thumb Code     0  libinit2.o(.ARM.Collect$$libinit$$00000030)
    __rt_lib_init_fp_trap_1                  0x0800016f   Thumb Code     0  libinit2.o(.ARM.Collect$$libinit$$0000001F)
    __rt_lib_init_getenv_1                   0x0800016f   Thumb Code     0  libinit2.o(.ARM.Collect$$libinit$$00000023)
    __rt_lib_init_lc_numeric_1               0x0800016f   Thumb Code     0  libinit2.o(.ARM.Collect$$libinit$$00000017)
    __rt_lib_init_lc_time_1                  0x0800016f   Thumb Code     0  libinit2.o(.ARM.Collect$$libinit$$00000019)
    __rt_lib_init_return                     0x0800016f   Thumb Code     0  libinit2.o(.ARM.Collect$$libinit$$00000033)
    __rt_lib_init_signal_1                   0x0800016f   Thumb Code     0  libinit2.o(.ARM.Collect$$libinit$$0000001D)
    __rt_lib_init_stdio_1                    0x0800016f   Thumb Code     0  libinit2.o(.ARM.Collect$$libinit$$00000025)
    __rt_lib_shutdown                        0x08000171   Thumb Code     0  libshutdown.o(.ARM.Collect$$libshutdown$$00000000)
    __rt_lib_shutdown_cpp_1                  0x08000173   Thumb Code     0  libshutdown2.o(.ARM.Collect$$libshutdown$$00000002)
    __rt_lib_shutdown_fp_trap_1              0x08000173   Thumb Code     0  libshutdown2.o(.ARM.Collect$$libshutdown$$00000007)
    __rt_lib_shutdown_heap_1                 0x08000173   Thumb Code     0  libshutdown2.o(.ARM.Collect$$libshutdown$$0000000F)
    __rt_lib_shutdown_return                 0x08000173   Thumb Code     0  libshutdown2.o(.ARM.Collect$$libshutdown$$00000010)
    __rt_lib_shutdown_signal_1               0x08000173   Thumb Code     0  libshutdown2.o(.ARM.Collect$$libshutdown$$0000000A)
    __rt_lib_shutdown_stdio_1                0x08000173   Thumb Code     0  libshutdown2.o(.ARM.Collect$$libshutdown$$00000004)
    __rt_lib_shutdown_user_alloc_1           0x08000173   Thumb Code     0  libshutdown2.o(.ARM.Collect$$libshutdown$$0000000C)
    __rt_entry                               0x08000175   Thumb Code     0  __rtentry.o(.ARM.Collect$$rtentry$$00000000)
    __rt_entry_presh_1                       0x08000175   Thumb Code     0  __rtentry2.o(.ARM.Collect$$rtentry$$00000002)
    __rt_entry_sh                            0x08000175   Thumb Code     0  __rtentry4.o(.ARM.Collect$$rtentry$$00000004)
    __rt_entry_li                            0x0800017b   Thumb Code     0  __rtentry2.o(.ARM.Collect$$rtentry$$0000000A)
    __rt_entry_postsh_1                      0x0800017b   Thumb Code     0  __rtentry2.o(.ARM.Collect$$rtentry$$00000009)
    __rt_entry_main                          0x0800017f   Thumb Code     0  __rtentry2.o(.ARM.Collect$$rtentry$$0000000D)
    __rt_entry_postli_1                      0x0800017f   Thumb Code     0  __rtentry2.o(.ARM.Collect$$rtentry$$0000000C)
    __rt_exit                                0x08000187   Thumb Code     0  rtexit.o(.ARM.Collect$$rtexit$$00000000)
    __rt_exit_ls                             0x08000189   Thumb Code     0  rtexit2.o(.ARM.Collect$$rtexit$$00000003)
    __rt_exit_prels_1                        0x08000189   Thumb Code     0  rtexit2.o(.ARM.Collect$$rtexit$$00000002)
    __rt_exit_exit                           0x0800018d   Thumb Code     0  rtexit2.o(.ARM.Collect$$rtexit$$00000004)
    Reset_Handler                            0x08000195   Thumb Code     8  startup_stm32f10x_md.o(.text)
    NMI_Handler                              0x0800019d   Thumb Code     2  startup_stm32f10x_md.o(.text)
    HardFault_Handler                        0x0800019f   Thumb Code     2  startup_stm32f10x_md.o(.text)
    MemManage_Handler                        0x080001a1   Thumb Code     2  startup_stm32f10x_md.o(.text)
    BusFault_Handler                         0x080001a3   Thumb Code     2  startup_stm32f10x_md.o(.text)
    UsageFault_Handler                       0x080001a5   Thumb Code     2  startup_stm32f10x_md.o(.text)
    SVC_Handler                              0x080001a7   Thumb Code     2  startup_stm32f10x_md.o(.text)
    DebugMon_Handler                         0x080001a9   Thumb Code     2  startup_stm32f10x_md.o(.text)
    PendSV_Handler                           0x080001ab   Thumb Code     2  startup_stm32f10x_md.o(.text)
    SysTick_Handler                          0x080001ad   Thumb Code     2  startup_stm32f10x_md.o(.text)
    ADC1_2_IRQHandler                        0x080001af   Thumb Code     0  startup_stm32f10x_md.o(.text)
    CAN1_RX1_IRQHandler                      0x080001af   Thumb Code     0  startup_stm32f10x_md.o(.text)
    CAN1_SCE_IRQHandler                      0x080001af   Thumb Code     0  startup_stm32f10x_md.o(.text)
    DMA1_Channel1_IRQHandler                 0x080001af   Thumb Code     0  startup_stm32f10x_md.o(.text)
    DMA1_Channel2_IRQHandler                 0x080001af   Thumb Code     0  startup_stm32f10x_md.o(.text)
    DMA1_Channel3_IRQHandler                 0x080001af   Thumb Code     0  startup_stm32f10x_md.o(.text)
    DMA1_Channel4_IRQHandler                 0x080001af   Thumb Code     0  startup_stm32f10x_md.o(.text)
    DMA1_Channel5_IRQHandler                 0x080001af   Thumb Code     0  startup_stm32f10x_md.o(.text)
    DMA1_Channel6_IRQHandler                 0x080001af   Thumb Code     0  startup_stm32f10x_md.o(.text)
    DMA1_Channel7_IRQHandler                 0x080001af   Thumb Code     0  startup_stm32f10x_md.o(.text)
    EXTI0_IRQHandler                         0x080001af   Thumb Code     0  startup_stm32f10x_md.o(.text)
    EXTI15_10_IRQHandler                     0x080001af   Thumb Code     0  startup_stm32f10x_md.o(.text)
    EXTI1_IRQHandler                         0x080001af   Thumb Code     0  startup_stm32f10x_md.o(.text)
    EXTI2_IRQHandler                         0x080001af   Thumb Code     0  startup_stm32f10x_md.o(.text)
    EXTI3_IRQHandler                         0x080001af   Thumb Code     0  startup_stm32f10x_md.o(.text)
    EXTI4_IRQHandler                         0x080001af   Thumb Code     0  startup_stm32f10x_md.o(.text)
    EXTI9_5_IRQHandler                       0x080001af   Thumb Code     0  startup_stm32f10x_md.o(.text)
    FLASH_IRQHandler                         0x080001af   Thumb Code     0  startup_stm32f10x_md.o(.text)
    I2C1_ER_IRQHandler                       0x080001af   Thumb Code     0  startup_stm32f10x_md.o(.text)
    I2C1_EV_IRQHandler                       0x080001af   Thumb Code     0  startup_stm32f10x_md.o(.text)
    I2C2_ER_IRQHandler                       0x080001af   Thumb Code     0  startup_stm32f10x_md.o(.text)
    I2C2_EV_IRQHandler                       0x080001af   Thumb Code     0  startup_stm32f10x_md.o(.text)
    PVD_IRQHandler                           0x080001af   Thumb Code     0  startup_stm32f10x_md.o(.text)
    RCC_IRQHandler                           0x080001af   Thumb Code     0  startup_stm32f10x_md.o(.text)
    RTCAlarm_IRQHandler                      0x080001af   Thumb Code     0  startup_stm32f10x_md.o(.text)
    RTC_IRQHandler                           0x080001af   Thumb Code     0  startup_stm32f10x_md.o(.text)
    SPI1_IRQHandler                          0x080001af   Thumb Code     0  startup_stm32f10x_md.o(.text)
    SPI2_IRQHandler                          0x080001af   Thumb Code     0  startup_stm32f10x_md.o(.text)
    TAMPER_IRQHandler                        0x080001af   Thumb Code     0  startup_stm32f10x_md.o(.text)
    TIM1_BRK_IRQHandler                      0x080001af   Thumb Code     0  startup_stm32f10x_md.o(.text)
    TIM1_CC_IRQHandler                       0x080001af   Thumb Code     0  startup_stm32f10x_md.o(.text)
    TIM1_TRG_COM_IRQHandler                  0x080001af   Thumb Code     0  startup_stm32f10x_md.o(.text)
    TIM1_UP_IRQHandler                       0x080001af   Thumb Code     0  startup_stm32f10x_md.o(.text)
    TIM2_IRQHandler                          0x080001af   Thumb Code     0  startup_stm32f10x_md.o(.text)
    TIM3_IRQHandler                          0x080001af   Thumb Code     0  startup_stm32f10x_md.o(.text)
    TIM4_IRQHandler                          0x080001af   Thumb Code     0  startup_stm32f10x_md.o(.text)
    USART1_IRQHandler                        0x080001af   Thumb Code     0  startup_stm32f10x_md.o(.text)
    USART2_IRQHandler                        0x080001af   Thumb Code     0  startup_stm32f10x_md.o(.text)
    USART3_IRQHandler                        0x080001af   Thumb Code     0  startup_stm32f10x_md.o(.text)
    USBWakeUp_IRQHandler                     0x080001af   Thumb Code     0  startup_stm32f10x_md.o(.text)
    USB_HP_CAN1_TX_IRQHandler                0x080001af   Thumb Code     0  startup_stm32f10x_md.o(.text)
    USB_LP_CAN1_RX0_IRQHandler               0x080001af   Thumb Code     0  startup_stm32f10x_md.o(.text)
    WWDG_IRQHandler                          0x080001af   Thumb Code     0  startup_stm32f10x_md.o(.text)
    __user_initial_stackheap                 0x080001b1   Thumb Code     0  startup_stm32f10x_md.o(.text)
    abort                                    0x080001d5   Thumb Code    22  abort.o(.text)
    strlen                                   0x080001eb   Thumb Code    62  strlen.o(.text)
    __aeabi_memcpy                           0x08000229   Thumb Code     0  rt_memcpy_v6.o(.text)
    __rt_memcpy                              0x08000229   Thumb Code   138  rt_memcpy_v6.o(.text)
    _memcpy_lastbytes                        0x0800028f   Thumb Code     0  rt_memcpy_v6.o(.text)
    __use_two_region_memory                  0x080002b3   Thumb Code     2  heapauxi.o(.text)
    __rt_heap_escrow                         0x080002b5   Thumb Code     2  heapauxi.o(.text)
    __rt_heap_expand                         0x080002b7   Thumb Code     2  heapauxi.o(.text)
    _sys_exit                                0x080002b9   Thumb Code     8  sys_exit.o(.text)
    malloc                                   0x080002c5   Thumb Code    94  h1_alloc.o(.text)
    free                                     0x08000323   Thumb Code    78  h1_free.o(.text)
    _printf_str                              0x08000371   Thumb Code    82  _printf_str.o(.text)
    __rt_SIGABRT                             0x080003c3   Thumb Code    14  defsig_abrt_outer.o(.text)
    __aeabi_memcpy4                          0x080003d1   Thumb Code     0  rt_memcpy_w.o(.text)
    __aeabi_memcpy8                          0x080003d1   Thumb Code     0  rt_memcpy_w.o(.text)
    __rt_memcpy_w                            0x080003d1   Thumb Code   100  rt_memcpy_w.o(.text)
    _memcpy_lastbytes_aligned                0x08000419   Thumb Code     0  rt_memcpy_w.o(.text)
    __user_libspace                          0x08000435   Thumb Code     8  libspace.o(.text)
    __user_perproc_libspace                  0x08000435   Thumb Code     0  libspace.o(.text)
    __user_perthread_libspace                0x08000435   Thumb Code     0  libspace.o(.text)
    __I$use$semihosting                      0x0800043d   Thumb Code     0  use_no_semi.o(.text)
    __use_no_semihosting_swi                 0x0800043d   Thumb Code     2  use_no_semi.o(.text)
    __semihosting_library_function           0x0800043f   Thumb Code     0  indicate_semi.o(.text)
    __rt_heap_descriptor                     0x08000441   Thumb Code     8  rt_heap_descriptor_intlibspace.o(.text)
    __use_no_heap                            0x08000449   Thumb Code     2  hguard.o(.text)
    __heap$guard                             0x0800044b   Thumb Code     2  hguard.o(.text)
    _terminate_user_alloc                    0x0800044d   Thumb Code     2  init_alloc.o(.text)
    _init_user_alloc                         0x0800044f   Thumb Code     2  init_alloc.o(.text)
    __Heap_Full                              0x08000451   Thumb Code    34  init_alloc.o(.text)
    __Heap_Broken                            0x08000473   Thumb Code     6  init_alloc.o(.text)
    _init_alloc                              0x08000479   Thumb Code    94  init_alloc.o(.text)
    __Heap_Initialize                        0x080004d7   Thumb Code    10  h1_init.o(.text)
    __Heap_DescSize                          0x080004e1   Thumb Code     4  h1_init.o(.text)
    _printf_fp_dec_real                      0x08000695   Thumb Code   620  _printf_fp_dec.o(.text)
    _printf_cs_common                        0x08000901   Thumb Code    20  _printf_char.o(.text)
    _printf_char                             0x08000915   Thumb Code    16  _printf_char.o(.text)
    _printf_string                           0x08000925   Thumb Code     8  _printf_char.o(.text)
    __sig_exit                               0x0800092d   Thumb Code    10  defsig_exit.o(.text)
    __rt_SIGABRT_inner                       0x08000939   Thumb Code    14  defsig_abrt_inner.o(.text)
    __user_setup_stackheap                   0x08000969   Thumb Code    74  sys_stackheap_outer.o(.text)
    __rt_locale                              0x080009b5   Thumb Code     8  rt_locale_intlibspace.o(.text)
    __Heap_ProvideMemory                     0x080009bd   Thumb Code    52  h1_extend.o(.text)
    _maybe_terminate_alloc                   0x080009bd   Thumb Code     0  maybetermalloc1.o(.text)
    _ll_udiv10                               0x080009f1   Thumb Code   138  lludiv10.o(.text)
    _printf_fp_infnan                        0x08000a7d   Thumb Code   112  _printf_fp_infnan.o(.text)
    _btod_etento                             0x08000afd   Thumb Code   224  bigflt0.o(.text)
    exit                                     0x08000be1   Thumb Code    18  exit.o(.text)
    __default_signal_display                 0x08000bf3   Thumb Code    50  defsig_general.o(.text)
    __rt_SIGRTMEM                            0x08000c25   Thumb Code    14  defsig_rtmem_outer.o(.text)
    _ttywrch                                 0x08000c33   Thumb Code    14  sys_wrch.o(.text)
    __rt_SIGRTMEM_inner                      0x08000c41   Thumb Code    22  defsig_rtmem_inner.o(.text)
    strcmp                                   0x08000c91   Thumb Code   128  strcmpv7m.o(.text)
    SystemInit                               0x08000dd9   Thumb Code    86  system_stm32f10x.o(.text.SystemInit)
    setupShips()                             0x08000e31   Thumb Code    74  battleship.o(.text._Z10setupShipsv)
    checkInputs(Location)                    0x08000e7d   Thumb Code    24  battleship.o(.text._Z11checkInputs8Location)
    configureIO()                            0x08000e95   Thumb Code   194  battleship.o(.text._Z11configureIOv)
    IsbuttonPressed()                        0x08000f59   Thumb Code    40  battleship.o(.text._Z15IsbuttonPressedv)
    configureClocks()                        0x08000f81   Thumb Code    18  battleship.o(.text._Z15configureClocksv)
    Delay()                                  0x08000f95   Thumb Code    62  battleship.o(.text._Z5Delayv)
    Insert()                                 0x08000fd5   Thumb Code    48  battleship.o(.text._Z6Insertv)
    attack(Location, std::__2::vector<std::__2::basic_string<char, std::__2::char_traits<char>, std::__2::allocator<char> >, std::__2::allocator<std::__2::basic_string<char, std::__2::char_traits<char>, std::__2::allocator<char> > > >&) 0x08001005   Thumb Code   448  battleship.o(.text._Z6attack8LocationRNSt3__26vectorINS0_12basic_stringIcNS0_11char_traitsIcEENS0_9allocatorIcEEEENS5_IS7_EEEE)
    turnonLED(int)                           0x080011c5   Thumb Code   428  battleship.o(.text._Z9turnonLEDi)
    std::__2::__vector_base_common<true>::__throw_length_error() const 0x08001371   Thumb Code     4  vector.cpp.o(.text._ZNKSt3__220__vector_base_commonILb1EE20__throw_length_errorEv)
    std::__2::vector<std::__2::basic_string<char, std::__2::char_traits<char>, std::__2::allocator<char> >, std::__2::allocator<std::__2::basic_string<char, std::__2::char_traits<char>, std::__2::allocator<char> > > >::max_size() const 0x08001375   Thumb Code    10  battleship.o(.text._ZNKSt3__26vectorINS_12basic_stringIcNS_11char_traitsIcEENS_9allocatorIcEEEENS4_IS6_EEE8max_sizeEv)
    std::__2::char_traits<char>::length(char const*) 0x08001381   Thumb Code     8  battleship.o(.text._ZNSt3__211char_traitsIcE6lengthEPKc)
    std::__2::basic_string<char, std::__2::char_traits<char>, std::__2::allocator<char> >::__init(char const*, unsigned int) 0x08001389   Thumb Code    74  string.cpp.o(.text._ZNSt3__212basic_stringIcNS_11char_traitsIcEENS_9allocatorIcEEE6__initEPKcj)
    std::__2::basic_string<char, std::__2::char_traits<char>, std::__2::allocator<char> >::~basic_string() 0x080013d3   Thumb Code    24  string.cpp.o(.text._ZNSt3__212basic_stringIcNS_11char_traitsIcEENS_9allocatorIcEEED2Ev)
    std::__2::basic_string<char, std::__2::char_traits<char>, std::__2::allocator<char> >::~basic_string__sub_object() 0x080013d3   Thumb Code    24  string.cpp.o(.text._ZNSt3__212basic_stringIcNS_11char_traitsIcEENS_9allocatorIcEEED2Ev)
    std::__2::__vector_base<std::__2::basic_string<char, std::__2::char_traits<char>, std::__2::allocator<char> >, std::__2::allocator<std::__2::basic_string<char, std::__2::char_traits<char>, std::__2::allocator<char> > > >::~__vector_base__sub_object() 0x080013ed   Thumb Code    38  battleship.o(.text._ZNSt3__213__vector_baseINS_12basic_stringIcNS_11char_traitsIcEENS_9allocatorIcEEEENS4_IS6_EEED2Ev)
    std::__2::__split_buffer<std::__2::basic_string<char, std::__2::char_traits<char>, std::__2::allocator<char> >, std::__2::allocator<std::__2::basic_string<char, std::__2::char_traits<char>, std::__2::allocator<char> > >&>::__split_buffer__sub_object(unsigned int, unsigned int, std::__2::allocator<std::__2::basic_string<char, std::__2::char_traits<char>, std::__2::allocator<char> > >&) 0x08001415   Thumb Code    70  battleship.o(.text._ZNSt3__214__split_bufferINS_12basic_stringIcNS_11char_traitsIcEENS_9allocatorIcEEEERNS4_IS6_EEEC2EjjS8_)
    std::__2::__split_buffer<std::__2::basic_string<char, std::__2::char_traits<char>, std::__2::allocator<char> >, std::__2::allocator<std::__2::basic_string<char, std::__2::char_traits<char>, std::__2::allocator<char> > >&>::~__split_buffer__sub_object() 0x0800145d   Thumb Code    40  battleship.o(.text._ZNSt3__214__split_bufferINS_12basic_stringIcNS_11char_traitsIcEENS_9allocatorIcEEEERNS4_IS6_EEED2Ev)
    std::__2::vector<std::__2::basic_string<char, std::__2::char_traits<char>, std::__2::allocator<char> >, std::__2::allocator<std::__2::basic_string<char, std::__2::char_traits<char>, std::__2::allocator<char> > > >::_ConstructTransaction::_ConstructTransaction__sub_object(std::__2::vector<std::__2::basic_string<char, std::__2::char_traits<char>, std::__2::allocator<char> >, std::__2::allocator<std::__2::basic_string<char, std::__2::char_traits<char>, std::__2::allocator<char> > > >&, unsigned int) 0x08001485   Thumb Code    18  battleship.o(.text._ZNSt3__26vectorINS_12basic_stringIcNS_11char_traitsIcEENS_9allocatorIcEEEENS4_IS6_EEE21_ConstructTransactionC2ERS8_j)
    std::__2::vector<std::__2::basic_string<char, std::__2::char_traits<char>, std::__2::allocator<char> >, std::__2::allocator<std::__2::basic_string<char, std::__2::char_traits<char>, std::__2::allocator<char> > > >::_ConstructTransaction::~_ConstructTransaction__sub_object() 0x08001499   Thumb Code     8  battleship.o(.text._ZNSt3__26vectorINS_12basic_stringIcNS_11char_traitsIcEENS_9allocatorIcEEEENS4_IS6_EEE21_ConstructTransactionD2Ev)
    std::__2::vector<std::__2::basic_string<char, std::__2::char_traits<char>, std::__2::allocator<char> >, std::__2::allocator<std::__2::basic_string<char, std::__2::char_traits<char>, std::__2::allocator<char> > > >::__swap_out_circular_buffer(std::__2::__split_buffer<std::__2::basic_string<char, std::__2::char_traits<char>, std::__2::allocator<char> >, std::__2::allocator<std::__2::basic_string<char, std::__2::char_traits<char>, std::__2::allocator<char> > >&>&) 0x080014a1   Thumb Code    84  battleship.o(.text._ZNSt3__26vectorINS_12basic_stringIcNS_11char_traitsIcEENS_9allocatorIcEEEENS4_IS6_EEE26__swap_out_circular_bufferERNS_14__split_bufferIS6_RS7_EE)
    std::get_new_handler()                   0x080014f5   Thumb Code    12  cxa_handlers.cpp.o(.text._ZSt15get_new_handlerv)
    operator delete(void*)                   0x08001501   Thumb Code     4  new.cpp.o(.text._ZdlPv)
    operator new(unsigned int)               0x08001505   Thumb Code    38  new.cpp.o(.text._Znwj)
    main                                     0x0800152d   Thumb Code   150  battleship.o(.text.main)
    _btod_d2e                                0x080015c3   Thumb Code    62  btod.o(CL$$btod_d2e)
    _d2e_denorm_low                          0x08001601   Thumb Code    70  btod.o(CL$$btod_d2e_denorm_low)
    _d2e_norm_op1                            0x08001647   Thumb Code    96  btod.o(CL$$btod_d2e_norm_op1)
    __btod_div_common                        0x080016a9   Thumb Code   696  btod.o(CL$$btod_div_common)
    _e2e                                     0x080019e1   Thumb Code   220  btod.o(CL$$btod_e2e)
    _btod_ediv                               0x08001abd   Thumb Code    42  btod.o(CL$$btod_ediv)
    _btod_emul                               0x08001ae7   Thumb Code    42  btod.o(CL$$btod_emul)
    __btod_mult_common                       0x08001b11   Thumb Code   580  btod.o(CL$$btod_mult_common)
    __ARM_fpclassify                         0x08001d55   Thumb Code    40  fpclassify.o(i.__ARM_fpclassify)
    _get_lc_numeric                          0x08001d7d   Thumb Code    44  lc_numeric_c.o(locale$$code)
    _printf_fp_dec                           0x08001da9   Thumb Code     4  printf1.o(x$fpl$printf1)
    __I$use$fp                               0x08001dac   Number         0  usenofp.o(x$fpl$usenofp)
    Region$$Table$$Base                      0x08001e40   Number         0  anon$$obj.o(Region$$Table)
    Region$$Table$$Limit                     0x08001e50   Number         0  anon$$obj.o(Region$$Table)
    __libspace_start                         0x20000000   Data          96  libspace.o(.bss)
    __temporary_stack_top$libspace           0x20000060   Data           0  libspace.o(.bss)
    __cxa_new_handler                        0x20000290   Data           4  cxa_handlers.cpp.o(.bss.__cxa_new_handler)



==============================================================================

Memory Map of the image

  Image Entry point : 0x08000195

  Load Region LR_1 (Base: 0x08000000, Size: 0x00001e6c, Max: 0xffffffff, ABSOLUTE)

    Execution Region ER_RO (Exec base: 0x08000000, Load base: 0x08000000, Size: 0x00001e6c, Max: 0xffffffff, ABSOLUTE)

    Exec Addr    Load Addr    Size         Type   Attr      Idx    E Section Name        Object

    0x08000000   0x08000000   0x000000ec   Data   RO           63    RESET               startup_stm32f10x_md.o
    0x080000ec   0x080000ec   0x00000008   Code   RO           97  * !!!main             c_w.l(__main.o)
    0x080000f4   0x080000f4   0x00000034   Code   RO         1158    !!!scatter          c_w.l(__scatter.o)
    0x08000128   0x08000128   0x0000001c   Code   RO         1160    !!handler_zi        c_w.l(__scatter_zi.o)
    0x08000144   0x08000144   0x00000000   Code   RO          554    .ARM.Collect$$_printf_percent$$00000000  c_w.l(_printf_percent.o)
    0x08000144   0x08000144   0x00000006   Code   RO          553    .ARM.Collect$$_printf_percent$$00000003  c_w.l(_printf_f.o)
    0x0800014a   0x0800014a   0x00000006   Code   RO          552    .ARM.Collect$$_printf_percent$$00000014  c_w.l(_printf_s.o)
    0x08000150   0x08000150   0x00000004   Code   RO          729    .ARM.Collect$$_printf_percent$$00000017  c_w.l(_printf_percent_end.o)
    0x08000154   0x08000154   0x00000002   Code   RO          956    .ARM.Collect$$libinit$$00000000  c_w.l(libinit.o)
    0x08000156   0x08000156   0x00000000   Code   RO          771    .ARM.Collect$$libinit$$00000002  c_w.l(libinit2.o)
    0x08000156   0x08000156   0x00000000   Code   RO          773    .ARM.Collect$$libinit$$00000004  c_w.l(libinit2.o)
    0x08000156   0x08000156   0x00000008   Code   RO          774    .ARM.Collect$$libinit$$00000005  c_w.l(libinit2.o)
    0x0800015e   0x0800015e   0x00000000   Code   RO          776    .ARM.Collect$$libinit$$0000000A  c_w.l(libinit2.o)
    0x0800015e   0x0800015e   0x00000000   Code   RO          778    .ARM.Collect$$libinit$$0000000C  c_w.l(libinit2.o)
    0x0800015e   0x0800015e   0x00000000   Code   RO          780    .ARM.Collect$$libinit$$0000000E  c_w.l(libinit2.o)
    0x0800015e   0x0800015e   0x00000006   Code   RO          781    .ARM.Collect$$libinit$$0000000F  c_w.l(libinit2.o)
    0x08000164   0x08000164   0x00000000   Code   RO          783    .ARM.Collect$$libinit$$00000011  c_w.l(libinit2.o)
    0x08000164   0x08000164   0x00000000   Code   RO          785    .ARM.Collect$$libinit$$00000013  c_w.l(libinit2.o)
    0x08000164   0x08000164   0x00000000   Code   RO          787    .ARM.Collect$$libinit$$00000015  c_w.l(libinit2.o)
    0x08000164   0x08000164   0x0000000a   Code   RO          788    .ARM.Collect$$libinit$$00000016  c_w.l(libinit2.o)
    0x0800016e   0x0800016e   0x00000000   Code   RO          789    .ARM.Collect$$libinit$$00000017  c_w.l(libinit2.o)
    0x0800016e   0x0800016e   0x00000000   Code   RO          791    .ARM.Collect$$libinit$$00000019  c_w.l(libinit2.o)
    0x0800016e   0x0800016e   0x00000000   Code   RO          793    .ARM.Collect$$libinit$$0000001B  c_w.l(libinit2.o)
    0x0800016e   0x0800016e   0x00000000   Code   RO          795    .ARM.Collect$$libinit$$0000001D  c_w.l(libinit2.o)
    0x0800016e   0x0800016e   0x00000000   Code   RO          797    .ARM.Collect$$libinit$$0000001F  c_w.l(libinit2.o)
    0x0800016e   0x0800016e   0x00000000   Code   RO          799    .ARM.Collect$$libinit$$00000021  c_w.l(libinit2.o)
    0x0800016e   0x0800016e   0x00000000   Code   RO          801    .ARM.Collect$$libinit$$00000023  c_w.l(libinit2.o)
    0x0800016e   0x0800016e   0x00000000   Code   RO          803    .ARM.Collect$$libinit$$00000025  c_w.l(libinit2.o)
    0x0800016e   0x0800016e   0x00000000   Code   RO          807    .ARM.Collect$$libinit$$0000002C  c_w.l(libinit2.o)
    0x0800016e   0x0800016e   0x00000000   Code   RO          809    .ARM.Collect$$libinit$$0000002E  c_w.l(libinit2.o)
    0x0800016e   0x0800016e   0x00000000   Code   RO          811    .ARM.Collect$$libinit$$00000030  c_w.l(libinit2.o)
    0x0800016e   0x0800016e   0x00000000   Code   RO          813    .ARM.Collect$$libinit$$00000032  c_w.l(libinit2.o)
    0x0800016e   0x0800016e   0x00000002   Code   RO          814    .ARM.Collect$$libinit$$00000033  c_w.l(libinit2.o)
    0x08000170   0x08000170   0x00000002   Code   RO         1097    .ARM.Collect$$libshutdown$$00000000  c_w.l(libshutdown.o)
    0x08000172   0x08000172   0x00000000   Code   RO          958    .ARM.Collect$$libshutdown$$00000002  c_w.l(libshutdown2.o)
    0x08000172   0x08000172   0x00000000   Code   RO          960    .ARM.Collect$$libshutdown$$00000004  c_w.l(libshutdown2.o)
    0x08000172   0x08000172   0x00000000   Code   RO          963    .ARM.Collect$$libshutdown$$00000007  c_w.l(libshutdown2.o)
    0x08000172   0x08000172   0x00000000   Code   RO          966    .ARM.Collect$$libshutdown$$0000000A  c_w.l(libshutdown2.o)
    0x08000172   0x08000172   0x00000000   Code   RO          968    .ARM.Collect$$libshutdown$$0000000C  c_w.l(libshutdown2.o)
    0x08000172   0x08000172   0x00000000   Code   RO          971    .ARM.Collect$$libshutdown$$0000000F  c_w.l(libshutdown2.o)
    0x08000172   0x08000172   0x00000002   Code   RO          972    .ARM.Collect$$libshutdown$$00000010  c_w.l(libshutdown2.o)
    0x08000174   0x08000174   0x00000000   Code   RO          444    .ARM.Collect$$rtentry$$00000000  c_w.l(__rtentry.o)
    0x08000174   0x08000174   0x00000000   Code   RO          666    .ARM.Collect$$rtentry$$00000002  c_w.l(__rtentry2.o)
    0x08000174   0x08000174   0x00000006   Code   RO          678    .ARM.Collect$$rtentry$$00000004  c_w.l(__rtentry4.o)
    0x0800017a   0x0800017a   0x00000000   Code   RO          668    .ARM.Collect$$rtentry$$00000009  c_w.l(__rtentry2.o)
    0x0800017a   0x0800017a   0x00000004   Code   RO          669    .ARM.Collect$$rtentry$$0000000A  c_w.l(__rtentry2.o)
    0x0800017e   0x0800017e   0x00000000   Code   RO          671    .ARM.Collect$$rtentry$$0000000C  c_w.l(__rtentry2.o)
    0x0800017e   0x0800017e   0x00000008   Code   RO          672    .ARM.Collect$$rtentry$$0000000D  c_w.l(__rtentry2.o)
    0x08000186   0x08000186   0x00000002   Code   RO          989    .ARM.Collect$$rtexit$$00000000  c_w.l(rtexit.o)
    0x08000188   0x08000188   0x00000000   Code   RO         1022    .ARM.Collect$$rtexit$$00000002  c_w.l(rtexit2.o)
    0x08000188   0x08000188   0x00000004   Code   RO         1023    .ARM.Collect$$rtexit$$00000003  c_w.l(rtexit2.o)
    0x0800018c   0x0800018c   0x00000006   Code   RO         1024    .ARM.Collect$$rtexit$$00000004  c_w.l(rtexit2.o)
    0x08000192   0x08000192   0x00000002   PAD
    0x08000194   0x08000194   0x00000040   Code   RO           64  * .text               startup_stm32f10x_md.o
    0x080001d4   0x080001d4   0x00000016   Code   RO           89    .text               c_w.l(abort.o)
    0x080001ea   0x080001ea   0x0000003e   Code   RO           91    .text               c_w.l(strlen.o)
    0x08000228   0x08000228   0x0000008a   Code   RO           93    .text               c_w.l(rt_memcpy_v6.o)
    0x080002b2   0x080002b2   0x00000006   Code   RO           95    .text               c_w.l(heapauxi.o)
    0x080002b8   0x080002b8   0x0000000c   Code   RO          440    .text               c_w.l(sys_exit.o)
    0x080002c4   0x080002c4   0x0000005e   Code   RO          454    .text               c_w.l(h1_alloc.o)
    0x08000322   0x08000322   0x0000004e   Code   RO          456    .text               c_w.l(h1_free.o)
    0x08000370   0x08000370   0x00000052   Code   RO          530    .text               c_w.l(_printf_str.o)
    0x080003c2   0x080003c2   0x0000000e   Code   RO          577    .text               c_w.l(defsig_abrt_outer.o)
    0x080003d0   0x080003d0   0x00000064   Code   RO          599    .text               c_w.l(rt_memcpy_w.o)
    0x08000434   0x08000434   0x00000008   Code   RO          657    .text               c_w.l(libspace.o)
    0x0800043c   0x0800043c   0x00000002   Code   RO          660    .text               c_w.l(use_no_semi.o)
    0x0800043e   0x0800043e   0x00000000   Code   RO          664    .text               c_w.l(indicate_semi.o)
    0x0800043e   0x0800043e   0x00000002   PAD
    0x08000440   0x08000440   0x00000008   Code   RO          687    .text               c_w.l(rt_heap_descriptor_intlibspace.o)
    0x08000448   0x08000448   0x00000004   Code   RO          689    .text               c_w.l(hguard.o)
    0x0800044c   0x0800044c   0x0000008a   Code   RO          691    .text               c_w.l(init_alloc.o)
    0x080004d6   0x080004d6   0x0000000e   Code   RO          695    .text               c_w.l(h1_init.o)
    0x080004e4   0x080004e4   0x0000041c   Code   RO          711    .text               c_w.l(_printf_fp_dec.o)
    0x08000900   0x08000900   0x0000002c   Code   RO          721    .text               c_w.l(_printf_char.o)
    0x0800092c   0x0800092c   0x0000000a   Code   RO          754    .text               c_w.l(defsig_exit.o)
    0x08000936   0x08000936   0x00000002   PAD
    0x08000938   0x08000938   0x00000030   Code   RO          756    .text               c_w.l(defsig_abrt_inner.o)
    0x08000968   0x08000968   0x0000004a   Code   RO          839    .text               c_w.l(sys_stackheap_outer.o)
    0x080009b2   0x080009b2   0x00000002   PAD
    0x080009b4   0x080009b4   0x00000008   Code   RO          848    .text               c_w.l(rt_locale_intlibspace.o)
    0x080009bc   0x080009bc   0x00000000   Code   RO          852    .text               c_w.l(maybetermalloc1.o)
    0x080009bc   0x080009bc   0x00000034   Code   RO          854    .text               c_w.l(h1_extend.o)
    0x080009f0   0x080009f0   0x0000008a   Code   RO          858    .text               c_w.l(lludiv10.o)
    0x08000a7a   0x08000a7a   0x00000002   PAD
    0x08000a7c   0x08000a7c   0x00000080   Code   RO          864    .text               c_w.l(_printf_fp_infnan.o)
    0x08000afc   0x08000afc   0x000000e4   Code   RO          878    .text               c_w.l(bigflt0.o)
    0x08000be0   0x08000be0   0x00000012   Code   RO          932    .text               c_w.l(exit.o)
    0x08000bf2   0x08000bf2   0x00000032   Code   RO          936    .text               c_w.l(defsig_general.o)
    0x08000c24   0x08000c24   0x0000000e   Code   RO          942    .text               c_w.l(defsig_rtmem_outer.o)
    0x08000c32   0x08000c32   0x0000000e   Code   RO          983    .text               c_w.l(sys_wrch.o)
    0x08000c40   0x08000c40   0x00000050   Code   RO         1009    .text               c_w.l(defsig_rtmem_inner.o)
    0x08000c90   0x08000c90   0x00000080   Code   RO         1013    .text               c_w.l(strcmpv7m.o)
    0x08000d10   0x08000d10   0x00000008   Code   RO           72    .text.SetSysClock   system_stm32f10x.o
    0x08000d18   0x08000d18   0x000000be   Code   RO           76    .text.SetSysClockTo72  system_stm32f10x.o
    0x08000dd6   0x08000dd6   0x00000002   PAD
    0x08000dd8   0x08000dd8   0x00000056   Code   RO           70    .text.SystemInit    system_stm32f10x.o
    0x08000e2e   0x08000e2e   0x00000002   PAD
    0x08000e30   0x08000e30   0x0000004a   Code   RO            8    .text._Z10setupShipsv  battleship.o
    0x08000e7a   0x08000e7a   0x00000002   PAD
    0x08000e7c   0x08000e7c   0x00000018   Code   RO           18    .text._Z11checkInputs8Location  battleship.o
    0x08000e94   0x08000e94   0x000000c2   Code   RO            6    .text._Z11configureIOv  battleship.o
    0x08000f56   0x08000f56   0x00000002   PAD
    0x08000f58   0x08000f58   0x00000028   Code   RO           14    .text._Z15IsbuttonPressedv  battleship.o
    0x08000f80   0x08000f80   0x00000012   Code   RO            4    .text._Z15configureClocksv  battleship.o
    0x08000f92   0x08000f92   0x00000002   PAD
    0x08000f94   0x08000f94   0x0000003e   Code   RO           12    .text._Z5Delayv     battleship.o
    0x08000fd2   0x08000fd2   0x00000002   PAD
    0x08000fd4   0x08000fd4   0x00000030   Code   RO           16    .text._Z6Insertv    battleship.o
    0x08001004   0x08001004   0x000001c0   Code   RO           20    .text._Z6attack8LocationRNSt3__26vectorINS0_12basic_stringIcNS0_11char_traitsIcEENS0_9allocatorIcEEEENS5_IS7_EEEE  battleship.o
    0x080011c4   0x080011c4   0x000001ac   Code   RO           10    .text._Z9turnonLEDi  battleship.o
    0x08001370   0x08001370   0x00000004   Code   RO          436    .text._ZNKSt3__220__vector_base_commonILb1EE20__throw_length_errorEv  libcpp_w.l(vector.cpp.o)
    0x08001374   0x08001374   0x0000000a   Code   RO           45    .text._ZNKSt3__26vectorINS_12basic_stringIcNS_11char_traitsIcEENS_9allocatorIcEEEENS4_IS6_EEE8max_sizeEv  battleship.o
    0x0800137e   0x0800137e   0x00000002   PAD
    0x08001380   0x08001380   0x00000008   Code   RO           47    .text._ZNSt3__211char_traitsIcE6lengthEPKc  battleship.o
    0x08001388   0x08001388   0x0000004a   Code   RO          254    .text._ZNSt3__212basic_stringIcNS_11char_traitsIcEENS_9allocatorIcEEE6__initEPKcj  libcpp_w.l(string.cpp.o)
    0x080013d2   0x080013d2   0x00000018   Code   RO          244    .text._ZNSt3__212basic_stringIcNS_11char_traitsIcEENS_9allocatorIcEEED2Ev  libcpp_w.l(string.cpp.o)
    0x080013ea   0x080013ea   0x00000002   PAD
    0x080013ec   0x080013ec   0x00000026   Code   RO           33    .text._ZNSt3__213__vector_baseINS_12basic_stringIcNS_11char_traitsIcEENS_9allocatorIcEEEENS4_IS6_EEED2Ev  battleship.o
    0x08001412   0x08001412   0x00000002   PAD
    0x08001414   0x08001414   0x00000046   Code   RO           39    .text._ZNSt3__214__split_bufferINS_12basic_stringIcNS_11char_traitsIcEENS_9allocatorIcEEEERNS4_IS6_EEEC2EjjS8_  battleship.o
    0x0800145a   0x0800145a   0x00000002   PAD
    0x0800145c   0x0800145c   0x00000028   Code   RO           43    .text._ZNSt3__214__split_bufferINS_12basic_stringIcNS_11char_traitsIcEENS_9allocatorIcEEEERNS4_IS6_EEED2Ev  battleship.o
    0x08001484   0x08001484   0x00000012   Code   RO           35    .text._ZNSt3__26vectorINS_12basic_stringIcNS_11char_traitsIcEENS_9allocatorIcEEEENS4_IS6_EEE21_ConstructTransactionC2ERS8_j  battleship.o
    0x08001496   0x08001496   0x00000002   PAD
    0x08001498   0x08001498   0x00000008   Code   RO           37    .text._ZNSt3__26vectorINS_12basic_stringIcNS_11char_traitsIcEENS_9allocatorIcEEEENS4_IS6_EEE21_ConstructTransactionD2Ev  battleship.o
    0x080014a0   0x080014a0   0x00000054   Code   RO           41    .text._ZNSt3__26vectorINS_12basic_stringIcNS_11char_traitsIcEENS_9allocatorIcEEEENS4_IS6_EEE26__swap_out_circular_bufferERNS_14__split_bufferIS6_RS7_EE  battleship.o
    0x080014f4   0x080014f4   0x0000000c   Code   RO          629    .text._ZSt15get_new_handlerv  libcppabi_w.l(cxa_handlers.cpp.o)
    0x08001500   0x08001500   0x00000004   Code   RO          110    .text._ZdlPv        libcpp_w.l(new.cpp.o)
    0x08001504   0x08001504   0x00000026   Code   RO          102    .text._Znwj         libcpp_w.l(new.cpp.o)
    0x0800152a   0x0800152a   0x00000002   PAD
    0x0800152c   0x0800152c   0x00000096   Code   RO            2    .text.main          battleship.o
    0x080015c2   0x080015c2   0x0000003e   Code   RO          881    CL$$btod_d2e        c_w.l(btod.o)
    0x08001600   0x08001600   0x00000046   Code   RO          883    CL$$btod_d2e_denorm_low  c_w.l(btod.o)
    0x08001646   0x08001646   0x00000060   Code   RO          882    CL$$btod_d2e_norm_op1  c_w.l(btod.o)
    0x080016a6   0x080016a6   0x00000002   PAD
    0x080016a8   0x080016a8   0x00000338   Code   RO          891    CL$$btod_div_common  c_w.l(btod.o)
    0x080019e0   0x080019e0   0x000000dc   Code   RO          888    CL$$btod_e2e        c_w.l(btod.o)
    0x08001abc   0x08001abc   0x0000002a   Code   RO          885    CL$$btod_ediv       c_w.l(btod.o)
    0x08001ae6   0x08001ae6   0x0000002a   Code   RO          884    CL$$btod_emul       c_w.l(btod.o)
    0x08001b10   0x08001b10   0x00000244   Code   RO          890    CL$$btod_mult_common  c_w.l(btod.o)
    0x08001d54   0x08001d54   0x00000028   Code   RO          979    i.__ARM_fpclassify  m_ws.l(fpclassify.o)
    0x08001d7c   0x08001d7c   0x0000002c   Code   RO          930    locale$$code        c_w.l(lc_numeric_c.o)
    0x08001da8   0x08001da8   0x00000004   Code   RO          605    x$fpl$printf1       fz_ws.l(printf1.o)
    0x08001dac   0x08001dac   0x00000000   Code   RO          819    x$fpl$usenofp       fz_ws.l(usenofp.o)
    0x08001dac   0x08001dac   0x00000094   Data   RO          879    .constdata          c_w.l(bigflt0.o)
    0x08001e40   0x08001e40   0x00000010   Data   RO         1157    Region$$Table       anon$$obj.o
    0x08001e50   0x08001e50   0x0000001c   Data   RO          929    locale$$data        c_w.l(lc_numeric_c.o)


    Execution Region ER_RW (Exec base: 0x20000000, Load base: 0x08001e6c, Size: 0x00000000, Max: 0xffffffff, ABSOLUTE)

    **** No section assigned to this execution region ****


    Execution Region ER_ZI (Exec base: 0x20000000, Load base: 0x08001e6c, Size: 0x00000898, Max: 0xffffffff, ABSOLUTE)

    Exec Addr    Load Addr    Size         Type   Attr      Idx    E Section Name        Object

    0x20000000        -       0x00000060   Zero   RW          658    .bss                c_w.l(libspace.o)
    0x20000060        -       0x00000230   Zero   RW           22    .bss._ZL7vessels    battleship.o
    0x20000290        -       0x00000004   Zero   RW          631    .bss.__cxa_new_handler  libcppabi_w.l(cxa_handlers.cpp.o)
    0x20000294   0x08001e6c   0x00000004   PAD
    0x20000298        -       0x00000200   Zero   RW           62    HEAP                startup_stm32f10x_md.o
    0x20000498        -       0x00000400   Zero   RW           61    STACK               startup_stm32f10x_md.o


==============================================================================

Image component sizes


      Code (inc. data)   RO Data    RW Data    ZI Data      Debug   Object Name

      1762         36          0          0        560      89699   battleship.o
        64         26        236          0       1536        816   startup_stm32f10x_md.o
       284          0          0          0          0       2825   system_stm32f10x.o

    ----------------------------------------------------------------------
      2130         62        252          0       2096      93340   Object Totals
         0          0         16          0          0          0   (incl. Generated)
        20          0          0          0          0          0   (incl. Padding)

    ----------------------------------------------------------------------

      Code (inc. data)   RO Data    RW Data    ZI Data      Debug   Library Member Name

         8          0          0          0          0         68   __main.o
         0          0          0          0          0          0   __rtentry.o
        12          0          0          0          0          0   __rtentry2.o
         6          0          0          0          0          0   __rtentry4.o
        52          8          0          0          0          0   __scatter.o
        28          0          0          0          0          0   __scatter_zi.o
        44          0          0          0          0        108   _printf_char.o
         6          0          0          0          0          0   _printf_f.o
      1052          0          0          0          0        148   _printf_fp_dec.o
       128         16          0          0          0         84   _printf_fp_infnan.o
         0          0          0          0          0          0   _printf_percent.o
         4          0          0          0          0          0   _printf_percent_end.o
         6          0          0          0          0          0   _printf_s.o
        82          0          0          0          0         80   _printf_str.o
        22          0          0          0          0         80   abort.o
       228          4        148          0          0         96   bigflt0.o
      1936        128          0          0          0        668   btod.o
        48         34          0          0          0         76   defsig_abrt_inner.o
        14          0          0          0          0         80   defsig_abrt_outer.o
        10          0          0          0          0         68   defsig_exit.o
        50          0          0          0          0         88   defsig_general.o
        80         58          0          0          0         76   defsig_rtmem_inner.o
        14          0          0          0          0         80   defsig_rtmem_outer.o
        18          0          0          0          0         80   exit.o
        94          0          0          0          0         80   h1_alloc.o
        52          0          0          0          0         68   h1_extend.o
        78          0          0          0          0         80   h1_free.o
        14          0          0          0          0         84   h1_init.o
         6          0          0          0          0        152   heapauxi.o
         4          0          0          0          0        136   hguard.o
         0          0          0          0          0          0   indicate_semi.o
       138          0          0          0          0        168   init_alloc.o
        44         10         28          0          0         76   lc_numeric_c.o
         2          0          0          0          0          0   libinit.o
        26          0          0          0          0          0   libinit2.o
         2          0          0          0          0          0   libshutdown.o
         2          0          0          0          0          0   libshutdown2.o
         8          4          0          0         96         68   libspace.o
       138          0          0          0          0         80   lludiv10.o
         0          0          0          0          0          0   maybetermalloc1.o
         8          4          0          0          0         68   rt_heap_descriptor_intlibspace.o
         8          4          0          0          0         68   rt_locale_intlibspace.o
       138          0          0          0          0         68   rt_memcpy_v6.o
       100          0          0          0          0         80   rt_memcpy_w.o
         2          0          0          0          0          0   rtexit.o
        10          0          0          0          0          0   rtexit2.o
       128          0          0          0          0         68   strcmpv7m.o
        62          0          0          0          0         76   strlen.o
        12          4          0          0          0         68   sys_exit.o
        74          0          0          0          0         80   sys_stackheap_outer.o
        14          0          0          0          0         76   sys_wrch.o
         2          0          0          0          0         68   use_no_semi.o
         4          0          0          0          0         68   printf1.o
         0          0          0          0          0          0   usenofp.o
        42          0          0          0          0        380   new.cpp.o
        98          0          0          0          0       4340   string.cpp.o
         4          0          0          0          0         68   vector.cpp.o
        12          0          0          0          4        148   cxa_handlers.cpp.o
        40          0          0          0          0         68   fpclassify.o

    ----------------------------------------------------------------------
      5230        274        176          0        104       8664   Library Totals
        16          0          0          0          4          0   (incl. Padding)

    ----------------------------------------------------------------------

      Code (inc. data)   RO Data    RW Data    ZI Data      Debug   Library Name

      5014        274        176          0         96       3592   c_w.l
         4          0          0          0          0         68   fz_ws.l
       144          0          0          0          0       4788   libcpp_w.l
        12          0          0          0          4        148   libcppabi_w.l
        40          0          0          0          0         68   m_ws.l

    ----------------------------------------------------------------------
      5230        274        176          0        104       8664   Library Totals

    ----------------------------------------------------------------------

==============================================================================


      Code (inc. data)   RO Data    RW Data    ZI Data      Debug   

      7360        336        428          0       2200      99752   Grand Totals
      7360        336        428          0       2200      99752   ELF Image Totals
      7360        336        428          0          0          0   ROM Totals

==============================================================================

    Total RO  Size (Code + RO Data)                 7788 (   7.61kB)
    Total RW  Size (RW Data + ZI Data)              2200 (   2.15kB)
    Total ROM Size (Code + RO Data + RW Data)       7788 (   7.61kB)

==============================================================================

